Using device: cuda
GPU: NVIDIA RTX A6000
Memory: 47.7 GB
Loaded 200000 points, 8 classes from export_segmented_shaft_refined_20260105_161409
Rare classes (will oversample): {1, 2, 3, 5, 6, 7}
Created 732 blocks of size 1.0m
Dataset [train]: 585 blocks, 8 classes
Loaded 200000 points, 8 classes from export_segmented_shaft_refined_20260105_161409
Created 322 blocks of size 1.0m
Dataset [val]: 65 blocks, 8 classes

Model: PointNet++
Parameters: 967,816
Class distribution in training:
  column: 2,339,727 (49.6%) -> weight 0.16
  guard2: 843,131 (17.9%) -> weight 0.44
  guard: 27,236 (0.6%) -> weight 1.56
  wall: 199,260 (4.2%) -> weight 1.56
  wire: 687,916 (14.6%) -> weight 0.53
  column2: 43,534 (0.9%) -> weight 1.56
  pipe: 11,166 (0.2%) -> weight 1.56
  background: 566,622 (12.0%) -> weight 0.65
Class weights: ['0.16', '0.44', '1.56', '1.56', '0.53', '1.56', '1.56', '0.65']
Using Focal+Dice Loss (gamma=2.5)
Using LR warmup for 10 epochs

Starting training for 300 epochs
Classes: ['column', 'guard2', 'guard', 'wall', 'wire', 'column2', 'pipe', 'background']
Train batches: 18, Val batches: 3
Checkpoints: checkpoints
Logs: logs/20260105_200941

Epoch 1/300
  Batch 0/18, Loss: 0.7140
  Batch 10/18, Loss: 0.5223
  Train - Loss: 0.5570, Acc: 0.2509, mIoU: 0.1190
  Val   - Loss: 0.7009, Acc: 0.0824, mIoU: 0.0103
  New best mIoU: 0.0103
  Time: 18.6s, LR: 1.00e-04

Epoch 2/300
  Batch 0/18, Loss: 0.5112
  Batch 10/18, Loss: 0.4856
  Train - Loss: 0.5030, Acc: 0.3180, mIoU: 0.1453
  Val   - Loss: 0.7450, Acc: 0.0827, mIoU: 0.0107
  New best mIoU: 0.0107
  Time: 17.6s, LR: 2.00e-04

Epoch 3/300
  Batch 0/18, Loss: 0.4728
  Batch 10/18, Loss: 0.4946
  Train - Loss: 0.4844, Acc: 0.3420, mIoU: 0.1616
  Val   - Loss: 0.7023, Acc: 0.1120, mIoU: 0.0291
  New best mIoU: 0.0291
  Time: 17.5s, LR: 3.00e-04

Epoch 4/300
  Batch 0/18, Loss: 0.4745
  Batch 10/18, Loss: 0.4443
  Train - Loss: 0.4763, Acc: 0.3429, mIoU: 0.1851
  Val   - Loss: 0.4797, Acc: 0.2978, mIoU: 0.1673
  New best mIoU: 0.1673
  Time: 17.6s, LR: 4.00e-04

Epoch 5/300
  Batch 0/18, Loss: 0.4401
  Batch 10/18, Loss: 0.4830
  Train - Loss: 0.4623, Acc: 0.3576, mIoU: 0.2058
  Val   - Loss: 0.4618, Acc: 0.2691, mIoU: 0.1551
  Time: 17.1s, LR: 5.00e-04

Epoch 6/300
  Batch 0/18, Loss: 0.4418
  Batch 10/18, Loss: 0.4321
  Train - Loss: 0.4362, Acc: 0.3770, mIoU: 0.2305
  Val   - Loss: 0.4113, Acc: 0.3803, mIoU: 0.2951
  New best mIoU: 0.2951
  Time: 17.4s, LR: 6.00e-04

Epoch 7/300
  Batch 0/18, Loss: 0.4465
  Batch 10/18, Loss: 0.4121
  Train - Loss: 0.4314, Acc: 0.3976, mIoU: 0.2467
  Val   - Loss: 0.4009, Acc: 0.3928, mIoU: 0.2797
  Time: 17.7s, LR: 7.00e-04

Epoch 8/300
  Batch 0/18, Loss: 0.4117
  Batch 10/18, Loss: 0.3971
  Train - Loss: 0.3959, Acc: 0.4398, mIoU: 0.3097
  Val   - Loss: 0.4750, Acc: 0.3757, mIoU: 0.2562
  Time: 17.2s, LR: 8.00e-04

Epoch 9/300
  Batch 0/18, Loss: 0.3642
  Batch 10/18, Loss: 0.3756
  Train - Loss: 0.3874, Acc: 0.4886, mIoU: 0.3035
  Val   - Loss: 0.4098, Acc: 0.4418, mIoU: 0.3559
  New best mIoU: 0.3559
  Time: 17.4s, LR: 9.00e-04

Epoch 10/300
  Batch 0/18, Loss: 0.3451
  Batch 10/18, Loss: 0.4089
  Train - Loss: 0.3726, Acc: 0.5008, mIoU: 0.3112
  Val   - Loss: 0.5389, Acc: 0.3657, mIoU: 0.3409
  Time: 17.9s, LR: 1.00e-03

Epoch 11/300
  Batch 0/18, Loss: 0.3652
  Batch 10/18, Loss: 0.3745
  Train - Loss: 0.3757, Acc: 0.5026, mIoU: 0.3320
  Val   - Loss: 0.3951, Acc: 0.4595, mIoU: 0.2784
  Time: 17.4s, LR: 1.00e-03

Epoch 12/300
  Batch 0/18, Loss: 0.3415
  Batch 10/18, Loss: 0.3566
  Train - Loss: 0.3481, Acc: 0.5241, mIoU: 0.3460
  Val   - Loss: 0.3721, Acc: 0.4514, mIoU: 0.3184
  Time: 17.8s, LR: 1.00e-03

Epoch 13/300
  Batch 0/18, Loss: 0.3825
  Batch 10/18, Loss: 0.3486
  Train - Loss: 0.3530, Acc: 0.5270, mIoU: 0.3598
  Val   - Loss: 0.3783, Acc: 0.4771, mIoU: 0.3154
  Time: 17.4s, LR: 1.00e-03

Epoch 14/300
  Batch 0/18, Loss: 0.3445
  Batch 10/18, Loss: 0.3329
  Train - Loss: 0.3341, Acc: 0.5318, mIoU: 0.4180
  Val   - Loss: 0.3399, Acc: 0.4473, mIoU: 0.3891
  New best mIoU: 0.3891
  Time: 17.5s, LR: 1.00e-03

Epoch 15/300
  Batch 0/18, Loss: 0.3501
  Batch 10/18, Loss: 0.3777
  Train - Loss: 0.3460, Acc: 0.5325, mIoU: 0.3674
  Val   - Loss: 0.3185, Acc: 0.5334, mIoU: 0.4204
  New best mIoU: 0.4204
  Time: 17.3s, LR: 9.99e-04

Epoch 16/300
  Batch 0/18, Loss: 0.2903
  Batch 10/18, Loss: 0.3599
  Train - Loss: 0.3369, Acc: 0.5462, mIoU: 0.3983
  Val   - Loss: 0.2908, Acc: 0.4976, mIoU: 0.4047
  Time: 18.3s, LR: 9.99e-04

Epoch 17/300
  Batch 0/18, Loss: 0.2649
  Batch 10/18, Loss: 0.3329
  Train - Loss: 0.3187, Acc: 0.5587, mIoU: 0.4343
  Val   - Loss: 0.2777, Acc: 0.5445, mIoU: 0.4677
  New best mIoU: 0.4677
  Time: 17.5s, LR: 9.99e-04

Epoch 18/300
  Batch 0/18, Loss: 0.2871
  Batch 10/18, Loss: 0.3694
  Train - Loss: 0.3144, Acc: 0.5639, mIoU: 0.4443
  Val   - Loss: 0.2875, Acc: 0.5864, mIoU: 0.4347
  Time: 17.3s, LR: 9.98e-04

Epoch 19/300
  Batch 0/18, Loss: 0.2902
  Batch 10/18, Loss: 0.3042
  Train - Loss: 0.3120, Acc: 0.5648, mIoU: 0.4307
  Val   - Loss: 0.3119, Acc: 0.5418, mIoU: 0.4250
  Time: 17.5s, LR: 9.98e-04

Epoch 20/300
  Batch 0/18, Loss: 0.3563
  Batch 10/18, Loss: 0.3379
  Train - Loss: 0.3157, Acc: 0.5606, mIoU: 0.4333
  Val   - Loss: 0.3369, Acc: 0.5335, mIoU: 0.3726
  Time: 17.7s, LR: 9.97e-04

Epoch 21/300
  Batch 0/18, Loss: 0.3265
  Batch 10/18, Loss: 0.3414
  Train - Loss: 0.3247, Acc: 0.5603, mIoU: 0.4503
  Val   - Loss: 0.3421, Acc: 0.5042, mIoU: 0.4004
  Time: 18.1s, LR: 9.96e-04

Epoch 22/300
  Batch 0/18, Loss: 0.3271
  Batch 10/18, Loss: 0.3515
  Train - Loss: 0.3119, Acc: 0.5808, mIoU: 0.4559
  Val   - Loss: 0.2669, Acc: 0.5579, mIoU: 0.4199
  Time: 18.0s, LR: 9.96e-04

Epoch 23/300
  Batch 0/18, Loss: 0.2977
  Batch 10/18, Loss: 0.3214
  Train - Loss: 0.3038, Acc: 0.5945, mIoU: 0.4848
  Val   - Loss: 0.2769, Acc: 0.6236, mIoU: 0.4224
  Time: 18.1s, LR: 9.95e-04

Epoch 24/300
  Batch 0/18, Loss: 0.2817
  Batch 10/18, Loss: 0.2810
  Train - Loss: 0.2993, Acc: 0.5977, mIoU: 0.4938
  Val   - Loss: 0.2820, Acc: 0.6038, mIoU: 0.4699
  New best mIoU: 0.4699
  Time: 17.6s, LR: 9.94e-04

Epoch 25/300
  Batch 0/18, Loss: 0.2827
  Batch 10/18, Loss: 0.3899
  Train - Loss: 0.3107, Acc: 0.5841, mIoU: 0.4456
  Val   - Loss: 0.3159, Acc: 0.6025, mIoU: 0.4099
  Time: 18.6s, LR: 9.93e-04

Epoch 26/300
  Batch 0/18, Loss: 0.3110
  Batch 10/18, Loss: 0.3159
  Train - Loss: 0.2984, Acc: 0.5980, mIoU: 0.4651
  Val   - Loss: 0.3825, Acc: 0.5466, mIoU: 0.3398
  Time: 17.5s, LR: 9.93e-04

Epoch 27/300
  Batch 0/18, Loss: 0.3089
  Batch 10/18, Loss: 0.2993
  Train - Loss: 0.3030, Acc: 0.6110, mIoU: 0.4522
  Val   - Loss: 0.2566, Acc: 0.6536, mIoU: 0.5477
  New best mIoU: 0.5477
  Time: 18.0s, LR: 9.92e-04

Epoch 28/300
  Batch 0/18, Loss: 0.3064
  Batch 10/18, Loss: 0.3114
  Train - Loss: 0.2931, Acc: 0.6100, mIoU: 0.4711
  Val   - Loss: 0.2952, Acc: 0.5816, mIoU: 0.3947
  Time: 17.8s, LR: 9.91e-04

Epoch 29/300
  Batch 0/18, Loss: 0.3325
  Batch 10/18, Loss: 0.3137
  Train - Loss: 0.2967, Acc: 0.6042, mIoU: 0.4529
  Val   - Loss: 0.2788, Acc: 0.6269, mIoU: 0.4472
  Time: 17.7s, LR: 9.89e-04

Epoch 30/300
  Batch 0/18, Loss: 0.3852
  Batch 10/18, Loss: 0.2365
  Train - Loss: 0.2865, Acc: 0.6017, mIoU: 0.4855
  Val   - Loss: 0.2643, Acc: 0.6174, mIoU: 0.4310
  Time: 17.6s, LR: 9.88e-04

Epoch 31/300
  Batch 0/18, Loss: 0.2384
  Batch 10/18, Loss: 0.2582
  Train - Loss: 0.2878, Acc: 0.6012, mIoU: 0.5034
  Val   - Loss: 0.2825, Acc: 0.5951, mIoU: 0.4336
  Time: 17.5s, LR: 9.87e-04

Epoch 32/300
  Batch 0/18, Loss: 0.3079
  Batch 10/18, Loss: 0.3764
  Train - Loss: 0.2980, Acc: 0.6048, mIoU: 0.4827
  Val   - Loss: 0.2431, Acc: 0.6468, mIoU: 0.5212
  Time: 17.6s, LR: 9.86e-04

Epoch 33/300
  Batch 0/18, Loss: 0.2809
  Batch 10/18, Loss: 0.2593
  Train - Loss: 0.2843, Acc: 0.6032, mIoU: 0.4975
  Val   - Loss: 0.2526, Acc: 0.5695, mIoU: 0.4392
  Time: 17.6s, LR: 9.85e-04

Epoch 34/300
  Batch 0/18, Loss: 0.2510
  Batch 10/18, Loss: 0.2663
  Train - Loss: 0.2849, Acc: 0.6188, mIoU: 0.5061
  Val   - Loss: 0.2507, Acc: 0.6313, mIoU: 0.4589
  Time: 18.3s, LR: 9.83e-04

Epoch 35/300
  Batch 0/18, Loss: 0.2470
  Batch 10/18, Loss: 0.3112
  Train - Loss: 0.2779, Acc: 0.6205, mIoU: 0.5113
  Val   - Loss: 0.2512, Acc: 0.6014, mIoU: 0.4328
  Time: 17.7s, LR: 9.82e-04

Epoch 36/300
  Batch 0/18, Loss: 0.3087
  Batch 10/18, Loss: 0.2675
  Train - Loss: 0.2669, Acc: 0.6336, mIoU: 0.5217
  Val   - Loss: 0.3191, Acc: 0.6652, mIoU: 0.5196
  Time: 17.8s, LR: 9.80e-04

Epoch 37/300
  Batch 0/18, Loss: 0.2684
  Batch 10/18, Loss: 0.3527
  Train - Loss: 0.2970, Acc: 0.6148, mIoU: 0.4476
  Val   - Loss: 0.2272, Acc: 0.6113, mIoU: 0.4818
  Time: 18.3s, LR: 9.79e-04

Epoch 38/300
  Batch 0/18, Loss: 0.3723
  Batch 10/18, Loss: 0.3114
  Train - Loss: 0.2902, Acc: 0.6094, mIoU: 0.4825
  Val   - Loss: 0.2635, Acc: 0.6366, mIoU: 0.4668
  Time: 17.8s, LR: 9.77e-04

Epoch 39/300
  Batch 0/18, Loss: 0.2969
  Batch 10/18, Loss: 0.2479
  Train - Loss: 0.2976, Acc: 0.6110, mIoU: 0.4765
  Val   - Loss: 0.3439, Acc: 0.6064, mIoU: 0.3770
  Time: 17.6s, LR: 9.76e-04

Epoch 40/300
  Batch 0/18, Loss: 0.3752
  Batch 10/18, Loss: 0.3500
  Train - Loss: 0.3142, Acc: 0.6145, mIoU: 0.4053
  Val   - Loss: 0.2931, Acc: 0.6162, mIoU: 0.4171
  Time: 17.7s, LR: 9.74e-04

Epoch 41/300
  Batch 0/18, Loss: 0.2672
  Batch 10/18, Loss: 0.4305
  Train - Loss: 0.3104, Acc: 0.6296, mIoU: 0.4179
  Val   - Loss: 0.2851, Acc: 0.6400, mIoU: 0.4151
  Time: 17.6s, LR: 9.72e-04

Epoch 42/300
  Batch 0/18, Loss: 0.2240
  Batch 10/18, Loss: 0.2417
  Train - Loss: 0.2985, Acc: 0.6181, mIoU: 0.4160
  Val   - Loss: 0.2692, Acc: 0.6460, mIoU: 0.4250
  Time: 17.8s, LR: 9.70e-04

Epoch 43/300
  Batch 0/18, Loss: 0.3115
  Batch 10/18, Loss: 0.3037
  Train - Loss: 0.2888, Acc: 0.6239, mIoU: 0.4768
  Val   - Loss: 0.2294, Acc: 0.6814, mIoU: 0.5534
  New best mIoU: 0.5534
  Time: 17.7s, LR: 9.68e-04

Epoch 44/300
  Batch 0/18, Loss: 0.2513
  Batch 10/18, Loss: 0.2867
  Train - Loss: 0.2646, Acc: 0.6243, mIoU: 0.5210
  Val   - Loss: 0.2800, Acc: 0.6684, mIoU: 0.4561
  Time: 17.6s, LR: 9.66e-04

Epoch 45/300
  Batch 0/18, Loss: 0.2789
  Batch 10/18, Loss: 0.2937
  Train - Loss: 0.2639, Acc: 0.6434, mIoU: 0.5304
  Val   - Loss: 0.2364, Acc: 0.6746, mIoU: 0.4961
  Time: 17.7s, LR: 9.65e-04

Epoch 46/300
  Batch 0/18, Loss: 0.2638
  Batch 10/18, Loss: 0.2905
  Train - Loss: 0.2673, Acc: 0.6336, mIoU: 0.5210
  Val   - Loss: 0.2564, Acc: 0.6253, mIoU: 0.4799
  Time: 18.4s, LR: 9.62e-04

Epoch 47/300
  Batch 0/18, Loss: 0.2733
  Batch 10/18, Loss: 0.2238
  Train - Loss: 0.2646, Acc: 0.6389, mIoU: 0.5261
  Val   - Loss: 0.2682, Acc: 0.6366, mIoU: 0.5428
  Time: 17.6s, LR: 9.60e-04

Epoch 48/300
  Batch 0/18, Loss: 0.2932
  Batch 10/18, Loss: 0.2755
  Train - Loss: 0.2697, Acc: 0.6267, mIoU: 0.5215
  Val   - Loss: 0.2724, Acc: 0.6415, mIoU: 0.4876
  Time: 17.7s, LR: 9.58e-04

Epoch 49/300
  Batch 0/18, Loss: 0.2642
  Batch 10/18, Loss: 0.3104
  Train - Loss: 0.2820, Acc: 0.6505, mIoU: 0.4987
  Val   - Loss: 0.2927, Acc: 0.6318, mIoU: 0.4622
  Time: 17.6s, LR: 9.56e-04

Epoch 50/300
  Batch 0/18, Loss: 0.2796
  Batch 10/18, Loss: 0.2731
  Train - Loss: 0.2690, Acc: 0.6326, mIoU: 0.5033
  Val   - Loss: 0.2424, Acc: 0.6568, mIoU: 0.4786
  Time: 18.4s, LR: 9.54e-04

Epoch 51/300
  Batch 0/18, Loss: 0.3135
  Batch 10/18, Loss: 0.2324
  Train - Loss: 0.2768, Acc: 0.6363, mIoU: 0.5060
  Val   - Loss: 0.2166, Acc: 0.6623, mIoU: 0.5662
  New best mIoU: 0.5662
  Time: 17.5s, LR: 9.52e-04

Epoch 52/300
  Batch 0/18, Loss: 0.3029
  Batch 10/18, Loss: 0.2692
  Train - Loss: 0.2472, Acc: 0.6474, mIoU: 0.5474
  Val   - Loss: 0.2004, Acc: 0.6893, mIoU: 0.5770
  New best mIoU: 0.5770
  Time: 17.6s, LR: 9.49e-04

Epoch 53/300
  Batch 0/18, Loss: 0.2940
  Batch 10/18, Loss: 0.2309
  Train - Loss: 0.2460, Acc: 0.6534, mIoU: 0.5455
  Val   - Loss: 0.2496, Acc: 0.6228, mIoU: 0.5254
  Time: 17.6s, LR: 9.47e-04

Epoch 54/300
  Batch 0/18, Loss: 0.2511
  Batch 10/18, Loss: 0.2613
  Train - Loss: 0.2572, Acc: 0.6425, mIoU: 0.5341
  Val   - Loss: 0.2572, Acc: 0.6904, mIoU: 0.5452
  Time: 17.4s, LR: 9.44e-04

Epoch 55/300
  Batch 0/18, Loss: 0.2206
  Batch 10/18, Loss: 0.3102
  Train - Loss: 0.2542, Acc: 0.6427, mIoU: 0.5283
  Val   - Loss: 0.2045, Acc: 0.6722, mIoU: 0.5529
  Time: 17.7s, LR: 9.42e-04

Epoch 56/300
  Batch 0/18, Loss: 0.2529
  Batch 10/18, Loss: 0.2332
  Train - Loss: 0.2398, Acc: 0.6791, mIoU: 0.5569
  Val   - Loss: 0.2409, Acc: 0.6450, mIoU: 0.4838
  Time: 18.1s, LR: 9.39e-04

Epoch 57/300
  Batch 0/18, Loss: 0.2729
  Batch 10/18, Loss: 0.2039
  Train - Loss: 0.2563, Acc: 0.6636, mIoU: 0.5204
  Val   - Loss: 0.2009, Acc: 0.7133, mIoU: 0.5960
  New best mIoU: 0.5960
  Time: 17.6s, LR: 9.37e-04

Epoch 58/300
  Batch 0/18, Loss: 0.2176
  Batch 10/18, Loss: 0.2410
  Train - Loss: 0.2373, Acc: 0.6653, mIoU: 0.5639
  Val   - Loss: 0.2053, Acc: 0.6577, mIoU: 0.5867
  Time: 17.4s, LR: 9.34e-04

Epoch 59/300
  Batch 0/18, Loss: 0.2451
  Batch 10/18, Loss: 0.3066
  Train - Loss: 0.2424, Acc: 0.6609, mIoU: 0.5550
  Val   - Loss: 0.1969, Acc: 0.6891, mIoU: 0.6071
  New best mIoU: 0.6071
  Time: 17.6s, LR: 9.31e-04

Epoch 60/300
  Batch 0/18, Loss: 0.2305
  Batch 10/18, Loss: 0.1894
  Train - Loss: 0.2365, Acc: 0.6684, mIoU: 0.5572
  Val   - Loss: 0.2570, Acc: 0.6565, mIoU: 0.5169
  Time: 18.4s, LR: 9.29e-04

Epoch 61/300
  Batch 0/18, Loss: 0.2144
  Batch 10/18, Loss: 0.2194
  Train - Loss: 0.2541, Acc: 0.6541, mIoU: 0.5278
  Val   - Loss: 0.2667, Acc: 0.6111, mIoU: 0.4681
  Time: 17.9s, LR: 9.26e-04

Epoch 62/300
  Batch 0/18, Loss: 0.1964
  Batch 10/18, Loss: 0.2134
  Train - Loss: 0.2462, Acc: 0.6668, mIoU: 0.5529
  Val   - Loss: 0.2079, Acc: 0.6838, mIoU: 0.5817
  Time: 17.9s, LR: 9.23e-04

Epoch 63/300
  Batch 0/18, Loss: 0.2183
  Batch 10/18, Loss: 0.3122
  Train - Loss: 0.2385, Acc: 0.6671, mIoU: 0.5649
  Val   - Loss: 0.1782, Acc: 0.7093, mIoU: 0.5891
  Time: 17.9s, LR: 9.20e-04

Epoch 64/300
  Batch 0/18, Loss: 0.2264
  Batch 10/18, Loss: 0.2706
  Train - Loss: 0.2542, Acc: 0.6763, mIoU: 0.5512
  Val   - Loss: 0.2412, Acc: 0.6139, mIoU: 0.4600
  Time: 17.8s, LR: 9.17e-04

Epoch 65/300
  Batch 0/18, Loss: 0.3167
  Batch 10/18, Loss: 0.3019
  Train - Loss: 0.2438, Acc: 0.6715, mIoU: 0.5645
  Val   - Loss: 0.2203, Acc: 0.6866, mIoU: 0.5539
  Time: 17.8s, LR: 9.14e-04

Epoch 66/300
  Batch 0/18, Loss: 0.2606
  Batch 10/18, Loss: 0.2544
  Train - Loss: 0.2423, Acc: 0.6751, mIoU: 0.5566
  Val   - Loss: 0.2163, Acc: 0.7161, mIoU: 0.5827
  Time: 17.7s, LR: 9.11e-04

Epoch 67/300
  Batch 0/18, Loss: 0.2383
  Batch 10/18, Loss: 0.2073
  Train - Loss: 0.2483, Acc: 0.6758, mIoU: 0.5422
  Val   - Loss: 0.2171, Acc: 0.6778, mIoU: 0.4994
  Time: 18.3s, LR: 9.08e-04

Epoch 68/300
  Batch 0/18, Loss: 0.2290
  Batch 10/18, Loss: 0.2329
  Train - Loss: 0.2385, Acc: 0.6746, mIoU: 0.5606
  Val   - Loss: 0.1919, Acc: 0.6755, mIoU: 0.5710
  Time: 17.6s, LR: 9.05e-04

Epoch 69/300
  Batch 0/18, Loss: 0.2087
  Batch 10/18, Loss: 0.2782
  Train - Loss: 0.2576, Acc: 0.6751, mIoU: 0.5603
  Val   - Loss: 0.1989, Acc: 0.6491, mIoU: 0.5531
  Time: 17.7s, LR: 9.01e-04

Epoch 70/300
  Batch 0/18, Loss: 0.2138
  Batch 10/18, Loss: 0.1961
  Train - Loss: 0.2313, Acc: 0.6684, mIoU: 0.5772
  Val   - Loss: 0.2253, Acc: 0.6909, mIoU: 0.5861
  Time: 17.7s, LR: 8.98e-04

Epoch 71/300
  Batch 0/18, Loss: 0.2126
  Batch 10/18, Loss: 0.2718
  Train - Loss: 0.2421, Acc: 0.6592, mIoU: 0.5666
  Val   - Loss: 0.2271, Acc: 0.6414, mIoU: 0.5225
  Time: 17.5s, LR: 8.95e-04

Epoch 72/300
  Batch 0/18, Loss: 0.2072
  Batch 10/18, Loss: 0.2108
  Train - Loss: 0.2430, Acc: 0.6679, mIoU: 0.5709
  Val   - Loss: 0.1839, Acc: 0.6882, mIoU: 0.6130
  New best mIoU: 0.6130
  Time: 17.9s, LR: 8.92e-04

Epoch 73/300
  Batch 0/18, Loss: 0.2031
  Batch 10/18, Loss: 0.2528
  Train - Loss: 0.2438, Acc: 0.6611, mIoU: 0.5352
  Val   - Loss: 0.2385, Acc: 0.6667, mIoU: 0.4697
  Time: 17.5s, LR: 8.88e-04

Epoch 74/300
  Batch 0/18, Loss: 0.2490
  Batch 10/18, Loss: 0.2726
  Train - Loss: 0.2444, Acc: 0.6729, mIoU: 0.5527
  Val   - Loss: 0.2209, Acc: 0.6520, mIoU: 0.5038
  Time: 17.5s, LR: 8.85e-04

Epoch 75/300
  Batch 0/18, Loss: 0.2398
  Batch 10/18, Loss: 0.2590
  Train - Loss: 0.2239, Acc: 0.6875, mIoU: 0.5882
  Val   - Loss: 0.1754, Acc: 0.6816, mIoU: 0.6005
  Time: 17.8s, LR: 8.81e-04

Epoch 76/300
  Batch 0/18, Loss: 0.1916
  Batch 10/18, Loss: 0.2253
  Train - Loss: 0.2422, Acc: 0.6773, mIoU: 0.5383
  Val   - Loss: 0.2496, Acc: 0.6753, mIoU: 0.4662
  Time: 17.7s, LR: 8.78e-04

Epoch 77/300
  Batch 0/18, Loss: 0.2044
  Batch 10/18, Loss: 0.2426
  Train - Loss: 0.2270, Acc: 0.6834, mIoU: 0.5761
  Val   - Loss: 0.1776, Acc: 0.6444, mIoU: 0.5837
  Time: 17.6s, LR: 8.74e-04

Epoch 78/300
  Batch 0/18, Loss: 0.2609
  Batch 10/18, Loss: 0.2378
  Train - Loss: 0.2238, Acc: 0.6778, mIoU: 0.5806
  Val   - Loss: 0.2052, Acc: 0.6609, mIoU: 0.5803
  Time: 17.6s, LR: 8.70e-04

Epoch 79/300
  Batch 0/18, Loss: 0.2481
  Batch 10/18, Loss: 0.2190
  Train - Loss: 0.2400, Acc: 0.6797, mIoU: 0.5575
  Val   - Loss: 0.1714, Acc: 0.6987, mIoU: 0.6020
  Time: 17.6s, LR: 8.67e-04

Epoch 80/300
  Batch 0/18, Loss: 0.2109
  Batch 10/18, Loss: 0.2095
  Train - Loss: 0.2242, Acc: 0.6734, mIoU: 0.5809
  Val   - Loss: 0.1869, Acc: 0.7067, mIoU: 0.5773
  Time: 18.2s, LR: 8.63e-04

Epoch 81/300
  Batch 0/18, Loss: 0.2572
  Batch 10/18, Loss: 0.2610
  Train - Loss: 0.2420, Acc: 0.6688, mIoU: 0.5545
  Val   - Loss: 0.1904, Acc: 0.6350, mIoU: 0.5463
  Time: 17.5s, LR: 8.59e-04

Epoch 82/300
  Batch 0/18, Loss: 0.2089
  Batch 10/18, Loss: 0.1938
  Train - Loss: 0.2186, Acc: 0.6869, mIoU: 0.5891
  Val   - Loss: 0.1947, Acc: 0.6697, mIoU: 0.5666
  Time: 17.6s, LR: 8.56e-04

Epoch 83/300
  Batch 0/18, Loss: 0.2481
  Batch 10/18, Loss: 0.2448
  Train - Loss: 0.2258, Acc: 0.6829, mIoU: 0.5816
  Val   - Loss: 0.2081, Acc: 0.6767, mIoU: 0.6200
  New best mIoU: 0.6200
  Time: 18.3s, LR: 8.52e-04

Epoch 84/300
  Batch 0/18, Loss: 0.1727
  Batch 10/18, Loss: 0.2171
  Train - Loss: 0.2216, Acc: 0.6938, mIoU: 0.6004
  Val   - Loss: 0.1753, Acc: 0.7072, mIoU: 0.6313
  New best mIoU: 0.6313
  Time: 18.2s, LR: 8.48e-04

Epoch 85/300
  Batch 0/18, Loss: 0.2461
  Batch 10/18, Loss: 0.2355
  Train - Loss: 0.2329, Acc: 0.6772, mIoU: 0.5959
  Val   - Loss: 0.1590, Acc: 0.6838, mIoU: 0.6002
  Time: 18.5s, LR: 8.44e-04

Epoch 86/300
  Batch 0/18, Loss: 0.1881
  Batch 10/18, Loss: 0.2325
  Train - Loss: 0.2171, Acc: 0.6955, mIoU: 0.6093
  Val   - Loss: 0.1735, Acc: 0.7152, mIoU: 0.6230
  Time: 18.3s, LR: 8.40e-04

Epoch 87/300
  Batch 0/18, Loss: 0.1819
  Batch 10/18, Loss: 0.2202
  Train - Loss: 0.2160, Acc: 0.7012, mIoU: 0.5965
  Val   - Loss: 0.1697, Acc: 0.7156, mIoU: 0.6001
  Time: 18.1s, LR: 8.36e-04

Epoch 88/300
  Batch 0/18, Loss: 0.2391
  Batch 10/18, Loss: 0.1927
  Train - Loss: 0.2312, Acc: 0.6830, mIoU: 0.5739
  Val   - Loss: 0.1749, Acc: 0.6788, mIoU: 0.5807
  Time: 17.5s, LR: 8.32e-04

Epoch 89/300
  Batch 0/18, Loss: 0.2423
  Batch 10/18, Loss: 0.2144
  Train - Loss: 0.2137, Acc: 0.7011, mIoU: 0.6030
  Val   - Loss: 0.1782, Acc: 0.7135, mIoU: 0.6230
  Time: 17.7s, LR: 8.28e-04

Epoch 90/300
  Batch 0/18, Loss: 0.2246
  Batch 10/18, Loss: 0.2499
  Train - Loss: 0.2094, Acc: 0.7123, mIoU: 0.6047
  Val   - Loss: 0.1996, Acc: 0.7013, mIoU: 0.6084
  Time: 19.8s, LR: 8.24e-04

Epoch 91/300
  Batch 0/18, Loss: 0.2020
  Batch 10/18, Loss: 0.2143
  Train - Loss: 0.2469, Acc: 0.6897, mIoU: 0.5501
  Val   - Loss: 0.2256, Acc: 0.6130, mIoU: 0.4879
  Time: 17.9s, LR: 8.20e-04

Epoch 92/300
  Batch 0/18, Loss: 0.2434
  Batch 10/18, Loss: 0.2420
  Train - Loss: 0.2483, Acc: 0.6782, mIoU: 0.5585
  Val   - Loss: 0.1600, Acc: 0.7227, mIoU: 0.6036
  Time: 18.1s, LR: 8.16e-04

Epoch 93/300
  Batch 0/18, Loss: 0.2649
  Batch 10/18, Loss: 0.2232
  Train - Loss: 0.2275, Acc: 0.6983, mIoU: 0.5872
  Val   - Loss: 0.1975, Acc: 0.7005, mIoU: 0.5747
  Time: 18.5s, LR: 8.11e-04

Epoch 94/300
  Batch 0/18, Loss: 0.2227
  Batch 10/18, Loss: 0.2211
  Train - Loss: 0.2260, Acc: 0.6946, mIoU: 0.5947
  Val   - Loss: 0.1794, Acc: 0.6939, mIoU: 0.5871
  Time: 18.0s, LR: 8.07e-04

Epoch 95/300
  Batch 0/18, Loss: 0.2283
  Batch 10/18, Loss: 0.2898
  Train - Loss: 0.2233, Acc: 0.6963, mIoU: 0.5987
  Val   - Loss: 0.1884, Acc: 0.7075, mIoU: 0.5684
  Time: 18.4s, LR: 8.03e-04

Epoch 96/300
  Batch 0/18, Loss: 0.2554
  Batch 10/18, Loss: 0.2069
  Train - Loss: 0.2259, Acc: 0.6835, mIoU: 0.5794
  Val   - Loss: 0.2167, Acc: 0.6593, mIoU: 0.5311
  Time: 17.5s, LR: 7.98e-04

Epoch 97/300
  Batch 0/18, Loss: 0.2203
  Batch 10/18, Loss: 0.2566
  Train - Loss: 0.2131, Acc: 0.6918, mIoU: 0.6007
  Val   - Loss: 0.1763, Acc: 0.7154, mIoU: 0.6264
  Time: 18.1s, LR: 7.94e-04

Epoch 98/300
  Batch 0/18, Loss: 0.1737
  Batch 10/18, Loss: 0.2093
  Train - Loss: 0.2208, Acc: 0.6954, mIoU: 0.5867
  Val   - Loss: 0.2040, Acc: 0.6996, mIoU: 0.5987
  Time: 18.4s, LR: 7.90e-04

Epoch 99/300
  Batch 0/18, Loss: 0.2161
  Batch 10/18, Loss: 0.2344
  Train - Loss: 0.2245, Acc: 0.6971, mIoU: 0.5764
  Val   - Loss: 0.1787, Acc: 0.7091, mIoU: 0.6020
  Time: 17.6s, LR: 7.85e-04

Epoch 100/300
  Batch 0/18, Loss: 0.2151
  Batch 10/18, Loss: 0.2598
  Train - Loss: 0.2153, Acc: 0.7107, mIoU: 0.6139
  Val   - Loss: 0.1856, Acc: 0.7071, mIoU: 0.6189
  Time: 18.0s, LR: 7.81e-04

Epoch 101/300
  Batch 0/18, Loss: 0.2032
  Batch 10/18, Loss: 0.2209
  Train - Loss: 0.2022, Acc: 0.7169, mIoU: 0.6180
  Val   - Loss: 0.2163, Acc: 0.7272, mIoU: 0.6050
  Time: 18.4s, LR: 7.76e-04

Epoch 102/300
  Batch 0/18, Loss: 0.2609
  Batch 10/18, Loss: 0.2300
  Train - Loss: 0.2145, Acc: 0.6991, mIoU: 0.6008
  Val   - Loss: 0.2153, Acc: 0.7218, mIoU: 0.6109
  Time: 18.9s, LR: 7.72e-04

Epoch 103/300
  Batch 0/18, Loss: 0.2487
  Batch 10/18, Loss: 0.1960
  Train - Loss: 0.2032, Acc: 0.7107, mIoU: 0.6199
  Val   - Loss: 0.1648, Acc: 0.7040, mIoU: 0.6065
  Time: 17.6s, LR: 7.67e-04

Epoch 104/300
  Batch 0/18, Loss: 0.2034
  Batch 10/18, Loss: 0.2538
  Train - Loss: 0.2219, Acc: 0.7005, mIoU: 0.6174
  Val   - Loss: 0.1769, Acc: 0.6791, mIoU: 0.5908
  Time: 20.8s, LR: 7.63e-04

Epoch 105/300
  Batch 0/18, Loss: 0.2211
  Batch 10/18, Loss: 0.2091
  Train - Loss: 0.2010, Acc: 0.7193, mIoU: 0.6233
  Val   - Loss: 0.1731, Acc: 0.7031, mIoU: 0.6210
  Time: 20.7s, LR: 7.58e-04

Epoch 106/300
  Batch 0/18, Loss: 0.1932
  Batch 10/18, Loss: 0.2064
  Train - Loss: 0.2055, Acc: 0.7052, mIoU: 0.6088
  Val   - Loss: 0.1838, Acc: 0.6834, mIoU: 0.5761
  Time: 19.8s, LR: 7.53e-04

Epoch 107/300
  Batch 0/18, Loss: 0.1846
  Batch 10/18, Loss: 0.2155
  Train - Loss: 0.2128, Acc: 0.7058, mIoU: 0.6018
  Val   - Loss: 0.1777, Acc: 0.6943, mIoU: 0.5880
  Time: 17.4s, LR: 7.49e-04

Epoch 108/300
  Batch 0/18, Loss: 0.2078
  Batch 10/18, Loss: 0.1903
  Train - Loss: 0.2102, Acc: 0.7128, mIoU: 0.6010
  Val   - Loss: 0.2096, Acc: 0.7357, mIoU: 0.6367
  New best mIoU: 0.6367
  Time: 18.1s, LR: 7.44e-04

Epoch 109/300
  Batch 0/18, Loss: 0.1813
  Batch 10/18, Loss: 0.2126
  Train - Loss: 0.2123, Acc: 0.7034, mIoU: 0.6059
  Val   - Loss: 0.1670, Acc: 0.7136, mIoU: 0.6161
  Time: 17.5s, LR: 7.39e-04

Epoch 110/300
  Batch 0/18, Loss: 0.1971
  Batch 10/18, Loss: 0.1751
  Train - Loss: 0.2008, Acc: 0.7155, mIoU: 0.6176
  Val   - Loss: 0.1725, Acc: 0.7154, mIoU: 0.5868
  Time: 17.9s, LR: 7.34e-04

Epoch 111/300
  Batch 0/18, Loss: 0.2338
  Batch 10/18, Loss: 0.1739
  Train - Loss: 0.1996, Acc: 0.7205, mIoU: 0.6303
  Val   - Loss: 0.1765, Acc: 0.7039, mIoU: 0.6103
  Time: 18.1s, LR: 7.30e-04

Epoch 112/300
  Batch 0/18, Loss: 0.1900
  Batch 10/18, Loss: 0.2208
  Train - Loss: 0.2054, Acc: 0.7198, mIoU: 0.6257
  Val   - Loss: 0.1704, Acc: 0.7080, mIoU: 0.6037
  Time: 17.5s, LR: 7.25e-04

Epoch 113/300
  Batch 0/18, Loss: 0.1925
  Batch 10/18, Loss: 0.2035
  Train - Loss: 0.2170, Acc: 0.7000, mIoU: 0.6066
  Val   - Loss: 0.1807, Acc: 0.6881, mIoU: 0.5981
  Time: 17.6s, LR: 7.20e-04

Epoch 114/300
  Batch 0/18, Loss: 0.1864
  Batch 10/18, Loss: 0.2020
  Train - Loss: 0.2071, Acc: 0.7037, mIoU: 0.6095
  Val   - Loss: 0.1776, Acc: 0.7150, mIoU: 0.5921
  Time: 17.7s, LR: 7.15e-04

Epoch 115/300
  Batch 0/18, Loss: 0.1593
  Batch 10/18, Loss: 0.1889
  Train - Loss: 0.2021, Acc: 0.7153, mIoU: 0.6236
  Val   - Loss: 0.1776, Acc: 0.6998, mIoU: 0.6166
  Time: 17.9s, LR: 7.10e-04

Epoch 116/300
  Batch 0/18, Loss: 0.2301
  Batch 10/18, Loss: 0.1815
  Train - Loss: 0.2226, Acc: 0.7051, mIoU: 0.6142
  Val   - Loss: 0.1928, Acc: 0.6932, mIoU: 0.5889
  Time: 18.4s, LR: 7.05e-04

Epoch 117/300
  Batch 0/18, Loss: 0.1794
  Batch 10/18, Loss: 0.1772
  Train - Loss: 0.1931, Acc: 0.7227, mIoU: 0.6326
  Val   - Loss: 0.1710, Acc: 0.7151, mIoU: 0.6204
  Time: 18.9s, LR: 7.00e-04

Epoch 118/300
  Batch 0/18, Loss: 0.1979
  Batch 10/18, Loss: 0.2034
  Train - Loss: 0.1976, Acc: 0.7241, mIoU: 0.6236
  Val   - Loss: 0.1899, Acc: 0.7276, mIoU: 0.6276
  Time: 18.1s, LR: 6.95e-04

Epoch 119/300
  Batch 0/18, Loss: 0.1969
  Batch 10/18, Loss: 0.2072
  Train - Loss: 0.2026, Acc: 0.7181, mIoU: 0.6130
  Val   - Loss: 0.1772, Acc: 0.7186, mIoU: 0.6068
  Time: 17.9s, LR: 6.90e-04

Epoch 120/300
  Batch 0/18, Loss: 0.1540
  Batch 10/18, Loss: 0.2093
  Train - Loss: 0.1974, Acc: 0.7203, mIoU: 0.6306
  Val   - Loss: 0.1817, Acc: 0.7216, mIoU: 0.6104
  Time: 17.8s, LR: 6.85e-04

Epoch 121/300
  Batch 0/18, Loss: 0.2185
  Batch 10/18, Loss: 0.1919
  Train - Loss: 0.1978, Acc: 0.7306, mIoU: 0.6246
  Val   - Loss: 0.1885, Acc: 0.6949, mIoU: 0.6221
  Time: 17.9s, LR: 6.80e-04

Epoch 122/300
  Batch 0/18, Loss: 0.1627
  Batch 10/18, Loss: 0.1567
  Train - Loss: 0.2001, Acc: 0.7265, mIoU: 0.6243
  Val   - Loss: 0.1712, Acc: 0.7038, mIoU: 0.6287
  Time: 18.1s, LR: 6.75e-04

Epoch 123/300
  Batch 0/18, Loss: 0.1840
  Batch 10/18, Loss: 0.1865
  Train - Loss: 0.2028, Acc: 0.7192, mIoU: 0.6231
  Val   - Loss: 0.1753, Acc: 0.7262, mIoU: 0.6143
  Time: 18.5s, LR: 6.70e-04

Epoch 124/300
  Batch 0/18, Loss: 0.1955
  Batch 10/18, Loss: 0.2154
  Train - Loss: 0.2005, Acc: 0.7279, mIoU: 0.6340
  Val   - Loss: 0.1660, Acc: 0.7218, mIoU: 0.6379
  New best mIoU: 0.6379
  Time: 18.7s, LR: 6.65e-04

Epoch 125/300
  Batch 0/18, Loss: 0.1967
  Batch 10/18, Loss: 0.1859
  Train - Loss: 0.1960, Acc: 0.7254, mIoU: 0.6306
  Val   - Loss: 0.1591, Acc: 0.7326, mIoU: 0.6603
  New best mIoU: 0.6603
  Time: 20.4s, LR: 6.60e-04

Epoch 126/300
  Batch 0/18, Loss: 0.2605
  Batch 10/18, Loss: 0.2055
  Train - Loss: 0.1998, Acc: 0.7271, mIoU: 0.6295
  Val   - Loss: 0.2048, Acc: 0.7318, mIoU: 0.6466
  Time: 17.3s, LR: 6.55e-04

Epoch 127/300
  Batch 0/18, Loss: 0.1901
  Batch 10/18, Loss: 0.2007
  Train - Loss: 0.1943, Acc: 0.7255, mIoU: 0.6327
  Val   - Loss: 0.2209, Acc: 0.7294, mIoU: 0.5944
  Time: 17.5s, LR: 6.50e-04

Epoch 128/300
  Batch 0/18, Loss: 0.1974
  Batch 10/18, Loss: 0.2486
  Train - Loss: 0.1862, Acc: 0.7310, mIoU: 0.6370
  Val   - Loss: 0.1648, Acc: 0.7480, mIoU: 0.6330
  Time: 18.2s, LR: 6.45e-04

Epoch 129/300
  Batch 0/18, Loss: 0.1780
  Batch 10/18, Loss: 0.2296
  Train - Loss: 0.1924, Acc: 0.7282, mIoU: 0.6343
  Val   - Loss: 0.1564, Acc: 0.7121, mIoU: 0.6193
  Time: 17.3s, LR: 6.39e-04

Epoch 130/300
  Batch 0/18, Loss: 0.2577
  Batch 10/18, Loss: 0.2123
  Train - Loss: 0.2051, Acc: 0.7297, mIoU: 0.6354
  Val   - Loss: 0.1787, Acc: 0.7353, mIoU: 0.6519
  Time: 17.6s, LR: 6.34e-04

Epoch 131/300
  Batch 0/18, Loss: 0.1953
  Batch 10/18, Loss: 0.1989
  Train - Loss: 0.1901, Acc: 0.7300, mIoU: 0.6444
  Val   - Loss: 0.1734, Acc: 0.7313, mIoU: 0.6247
  Time: 17.7s, LR: 6.29e-04

Epoch 132/300
  Batch 0/18, Loss: 0.1529
  Batch 10/18, Loss: 0.2470
  Train - Loss: 0.1947, Acc: 0.7252, mIoU: 0.6355
  Val   - Loss: 0.1772, Acc: 0.6941, mIoU: 0.5791
  Time: 19.0s, LR: 6.24e-04

Epoch 133/300
  Batch 0/18, Loss: 0.2108
  Batch 10/18, Loss: 0.1846
  Train - Loss: 0.1963, Acc: 0.7311, mIoU: 0.6343
  Val   - Loss: 0.1608, Acc: 0.7106, mIoU: 0.6233
  Time: 17.8s, LR: 6.18e-04

Epoch 134/300
  Batch 0/18, Loss: 0.1800
  Batch 10/18, Loss: 0.2650
  Train - Loss: 0.2026, Acc: 0.7181, mIoU: 0.6266
  Val   - Loss: 0.1810, Acc: 0.7141, mIoU: 0.5965
  Time: 17.9s, LR: 6.13e-04

Epoch 135/300
  Batch 0/18, Loss: 0.1787
  Batch 10/18, Loss: 0.1943
  Train - Loss: 0.1918, Acc: 0.7302, mIoU: 0.6405
  Val   - Loss: 0.1487, Acc: 0.7306, mIoU: 0.6592
  Time: 17.7s, LR: 6.08e-04

Epoch 136/300
  Batch 0/18, Loss: 0.2075
  Batch 10/18, Loss: 0.1759
  Train - Loss: 0.1865, Acc: 0.7400, mIoU: 0.6456
  Val   - Loss: 0.1690, Acc: 0.7391, mIoU: 0.6323
  Time: 17.6s, LR: 6.03e-04

Epoch 137/300
  Batch 0/18, Loss: 0.1424
  Batch 10/18, Loss: 0.1833
  Train - Loss: 0.1912, Acc: 0.7373, mIoU: 0.6540
  Val   - Loss: 0.1598, Acc: 0.7175, mIoU: 0.6229
  Time: 18.3s, LR: 5.97e-04

Epoch 138/300
  Batch 0/18, Loss: 0.1972
  Batch 10/18, Loss: 0.1910
  Train - Loss: 0.1912, Acc: 0.7354, mIoU: 0.6352
  Val   - Loss: 0.1683, Acc: 0.7097, mIoU: 0.6237
  Time: 17.4s, LR: 5.92e-04

Epoch 139/300
  Batch 0/18, Loss: 0.2013
  Batch 10/18, Loss: 0.2171
  Train - Loss: 0.1859, Acc: 0.7390, mIoU: 0.6497
  Val   - Loss: 0.1639, Acc: 0.7537, mIoU: 0.6452
  Time: 17.9s, LR: 5.87e-04

Epoch 140/300
  Batch 0/18, Loss: 0.1618
  Batch 10/18, Loss: 0.2185
  Train - Loss: 0.1839, Acc: 0.7396, mIoU: 0.6501
  Val   - Loss: 0.1582, Acc: 0.7496, mIoU: 0.6481
  Time: 17.8s, LR: 5.81e-04

Epoch 141/300
  Batch 0/18, Loss: 0.1887
  Batch 10/18, Loss: 0.1869
  Train - Loss: 0.2022, Acc: 0.7323, mIoU: 0.6334
  Val   - Loss: 0.1554, Acc: 0.7472, mIoU: 0.6414
  Time: 17.6s, LR: 5.76e-04

Epoch 142/300
  Batch 0/18, Loss: 0.1647
  Batch 10/18, Loss: 0.1807
  Train - Loss: 0.1898, Acc: 0.7340, mIoU: 0.6424
  Val   - Loss: 0.1501, Acc: 0.7403, mIoU: 0.6509
  Time: 18.4s, LR: 5.71e-04

Epoch 143/300
  Batch 0/18, Loss: 0.1723
  Batch 10/18, Loss: 0.1813
  Train - Loss: 0.1866, Acc: 0.7381, mIoU: 0.6381
  Val   - Loss: 0.1575, Acc: 0.7572, mIoU: 0.6613
  New best mIoU: 0.6613
  Time: 17.6s, LR: 5.65e-04

Epoch 144/300
  Batch 0/18, Loss: 0.2008
  Batch 10/18, Loss: 0.2337
  Train - Loss: 0.1953, Acc: 0.7321, mIoU: 0.6330
  Val   - Loss: 0.1472, Acc: 0.7436, mIoU: 0.6389
  Time: 18.3s, LR: 5.60e-04

Epoch 145/300
  Batch 0/18, Loss: 0.1705
  Batch 10/18, Loss: 0.2018
  Train - Loss: 0.1917, Acc: 0.7406, mIoU: 0.6493
  Val   - Loss: 0.1325, Acc: 0.7556, mIoU: 0.6520
  Time: 17.9s, LR: 5.55e-04

Epoch 146/300
  Batch 0/18, Loss: 0.1739
  Batch 10/18, Loss: 0.1656
  Train - Loss: 0.1856, Acc: 0.7440, mIoU: 0.6517
  Val   - Loss: 0.1625, Acc: 0.7381, mIoU: 0.6253
  Time: 17.6s, LR: 5.49e-04

Epoch 147/300
  Batch 0/18, Loss: 0.1759
  Batch 10/18, Loss: 0.2089
  Train - Loss: 0.1980, Acc: 0.7328, mIoU: 0.6387
  Val   - Loss: 0.1727, Acc: 0.6896, mIoU: 0.6115
  Time: 18.3s, LR: 5.44e-04

Epoch 148/300
  Batch 0/18, Loss: 0.2288
  Batch 10/18, Loss: 0.2445
  Train - Loss: 0.1990, Acc: 0.7313, mIoU: 0.6307
  Val   - Loss: 0.1466, Acc: 0.7405, mIoU: 0.6295
  Time: 17.6s, LR: 5.38e-04

Epoch 149/300
  Batch 0/18, Loss: 0.1958
  Batch 10/18, Loss: 0.2239
  Train - Loss: 0.1875, Acc: 0.7444, mIoU: 0.6552
  Val   - Loss: 0.1625, Acc: 0.7342, mIoU: 0.6459
  Time: 17.6s, LR: 5.33e-04

Epoch 150/300
  Batch 0/18, Loss: 0.2234
  Batch 10/18, Loss: 0.1724
  Train - Loss: 0.1883, Acc: 0.7483, mIoU: 0.6521
  Val   - Loss: 0.1513, Acc: 0.7462, mIoU: 0.6524
  Time: 17.8s, LR: 5.28e-04

Epoch 151/300
  Batch 0/18, Loss: 0.2305
  Batch 10/18, Loss: 0.1898
  Train - Loss: 0.1811, Acc: 0.7443, mIoU: 0.6537
  Val   - Loss: 0.1535, Acc: 0.7413, mIoU: 0.6458
  Time: 18.3s, LR: 5.22e-04

Epoch 152/300
  Batch 0/18, Loss: 0.2145
  Batch 10/18, Loss: 0.1886
  Train - Loss: 0.1838, Acc: 0.7451, mIoU: 0.6546
  Val   - Loss: 0.1619, Acc: 0.7462, mIoU: 0.6450
  Time: 17.5s, LR: 5.17e-04

Epoch 153/300
  Batch 0/18, Loss: 0.2213
  Batch 10/18, Loss: 0.1499
  Train - Loss: 0.1894, Acc: 0.7269, mIoU: 0.6491
  Val   - Loss: 0.1543, Acc: 0.7470, mIoU: 0.6547
  Time: 17.9s, LR: 5.11e-04

Epoch 154/300
  Batch 0/18, Loss: 0.1610
  Batch 10/18, Loss: 0.1801
  Train - Loss: 0.1784, Acc: 0.7424, mIoU: 0.6562
  Val   - Loss: 0.1586, Acc: 0.7430, mIoU: 0.6424
  Time: 17.5s, LR: 5.06e-04

Epoch 155/300
  Batch 0/18, Loss: 0.1663
  Batch 10/18, Loss: 0.1770
  Train - Loss: 0.1842, Acc: 0.7435, mIoU: 0.6473
  Val   - Loss: 0.1544, Acc: 0.7437, mIoU: 0.6531
  Time: 17.8s, LR: 5.01e-04

Epoch 156/300
  Batch 0/18, Loss: 0.2548
  Batch 10/18, Loss: 0.2182
  Train - Loss: 0.1844, Acc: 0.7487, mIoU: 0.6499
  Val   - Loss: 0.1682, Acc: 0.7080, mIoU: 0.6287
  Time: 17.6s, LR: 4.95e-04

Epoch 157/300
  Batch 0/18, Loss: 0.1802
  Batch 10/18, Loss: 0.1425
  Train - Loss: 0.1869, Acc: 0.7408, mIoU: 0.6512
  Val   - Loss: 0.1802, Acc: 0.7191, mIoU: 0.6202
  Time: 18.3s, LR: 4.90e-04

Epoch 158/300
  Batch 0/18, Loss: 0.1467
  Batch 10/18, Loss: 0.2615
  Train - Loss: 0.1898, Acc: 0.7429, mIoU: 0.6435
  Val   - Loss: 0.1370, Acc: 0.7526, mIoU: 0.6599
  Time: 17.8s, LR: 4.84e-04

Epoch 159/300
  Batch 0/18, Loss: 0.1709
  Batch 10/18, Loss: 0.2147
  Train - Loss: 0.1735, Acc: 0.7444, mIoU: 0.6582
  Val   - Loss: 0.1481, Acc: 0.7575, mIoU: 0.6774
  New best mIoU: 0.6774
  Time: 17.6s, LR: 4.79e-04

Epoch 160/300
  Batch 0/18, Loss: 0.1735
  Batch 10/18, Loss: 0.1618
  Train - Loss: 0.1850, Acc: 0.7406, mIoU: 0.6503
  Val   - Loss: 0.1671, Acc: 0.7342, mIoU: 0.6423
  Time: 17.5s, LR: 4.73e-04

Epoch 161/300
  Batch 0/18, Loss: 0.1420
  Batch 10/18, Loss: 0.1961
  Train - Loss: 0.1789, Acc: 0.7480, mIoU: 0.6493
  Val   - Loss: 0.1578, Acc: 0.7446, mIoU: 0.6383
  Time: 17.4s, LR: 4.68e-04

Epoch 162/300
  Batch 0/18, Loss: 0.1618
  Batch 10/18, Loss: 0.1820
  Train - Loss: 0.1701, Acc: 0.7551, mIoU: 0.6661
  Val   - Loss: 0.1552, Acc: 0.7462, mIoU: 0.6365
  Time: 17.6s, LR: 4.63e-04

Epoch 163/300
  Batch 0/18, Loss: 0.2061
  Batch 10/18, Loss: 0.1850
  Train - Loss: 0.1873, Acc: 0.7497, mIoU: 0.6561
  Val   - Loss: 0.1562, Acc: 0.7586, mIoU: 0.6619
  Time: 18.0s, LR: 4.57e-04

Epoch 164/300
  Batch 0/18, Loss: 0.2187
  Batch 10/18, Loss: 0.1829
  Train - Loss: 0.1792, Acc: 0.7575, mIoU: 0.6610
  Val   - Loss: 0.1558, Acc: 0.7715, mIoU: 0.6860
  New best mIoU: 0.6860
  Time: 17.6s, LR: 4.52e-04

Epoch 165/300
  Batch 0/18, Loss: 0.1525
  Batch 10/18, Loss: 0.1507
  Train - Loss: 0.1725, Acc: 0.7603, mIoU: 0.6667
  Val   - Loss: 0.1487, Acc: 0.7399, mIoU: 0.6409
  Time: 17.9s, LR: 4.46e-04

Epoch 166/300
  Batch 0/18, Loss: 0.1869
  Batch 10/18, Loss: 0.1543
  Train - Loss: 0.1729, Acc: 0.7531, mIoU: 0.6640
  Val   - Loss: 0.1473, Acc: 0.7719, mIoU: 0.6751
  Time: 17.6s, LR: 4.41e-04

Epoch 167/300
  Batch 0/18, Loss: 0.1312
  Batch 10/18, Loss: 0.1860
  Train - Loss: 0.1745, Acc: 0.7644, mIoU: 0.6722
  Val   - Loss: 0.1537, Acc: 0.7550, mIoU: 0.6453
  Time: 17.5s, LR: 4.36e-04

Epoch 168/300
  Batch 0/18, Loss: 0.1408
  Batch 10/18, Loss: 0.1537
  Train - Loss: 0.1729, Acc: 0.7637, mIoU: 0.6670
  Val   - Loss: 0.1455, Acc: 0.7518, mIoU: 0.6596
  Time: 18.1s, LR: 4.30e-04

Epoch 169/300
  Batch 0/18, Loss: 0.1568
  Batch 10/18, Loss: 0.1441
  Train - Loss: 0.1721, Acc: 0.7545, mIoU: 0.6694
  Val   - Loss: 0.1467, Acc: 0.7235, mIoU: 0.6464
  Time: 17.3s, LR: 4.25e-04

Epoch 170/300
  Batch 0/18, Loss: 0.1582
  Batch 10/18, Loss: 0.1941
  Train - Loss: 0.1864, Acc: 0.7447, mIoU: 0.6513
  Val   - Loss: 0.1325, Acc: 0.7733, mIoU: 0.6739
  Time: 18.3s, LR: 4.20e-04

Epoch 171/300
  Batch 0/18, Loss: 0.1812
  Batch 10/18, Loss: 0.1691
  Train - Loss: 0.1720, Acc: 0.7491, mIoU: 0.6599
  Val   - Loss: 0.1566, Acc: 0.7472, mIoU: 0.6557
  Time: 17.4s, LR: 4.14e-04

Epoch 172/300
  Batch 0/18, Loss: 0.1498
  Batch 10/18, Loss: 0.1901
  Train - Loss: 0.1854, Acc: 0.7459, mIoU: 0.6547
  Val   - Loss: 0.1622, Acc: 0.7539, mIoU: 0.6252
  Time: 18.4s, LR: 4.09e-04

Epoch 173/300
  Batch 0/18, Loss: 0.2128
  Batch 10/18, Loss: 0.1738
  Train - Loss: 0.1792, Acc: 0.7598, mIoU: 0.6582
  Val   - Loss: 0.1788, Acc: 0.7568, mIoU: 0.6254
  Time: 17.6s, LR: 4.04e-04

Epoch 174/300
  Batch 0/18, Loss: 0.1575
  Batch 10/18, Loss: 0.1624
  Train - Loss: 0.1754, Acc: 0.7561, mIoU: 0.6699
  Val   - Loss: 0.1439, Acc: 0.7530, mIoU: 0.6466
  Time: 18.4s, LR: 3.98e-04

Epoch 175/300
  Batch 0/18, Loss: 0.1470
  Batch 10/18, Loss: 0.2142
  Train - Loss: 0.1746, Acc: 0.7626, mIoU: 0.6732
  Val   - Loss: 0.1755, Acc: 0.7268, mIoU: 0.5830
  Time: 17.4s, LR: 3.93e-04

Epoch 176/300
  Batch 0/18, Loss: 0.1697
  Batch 10/18, Loss: 0.2522
  Train - Loss: 0.1740, Acc: 0.7544, mIoU: 0.6462
  Val   - Loss: 0.1470, Acc: 0.7567, mIoU: 0.6743
  Time: 18.3s, LR: 3.88e-04

Epoch 177/300
  Batch 0/18, Loss: 0.1891
  Batch 10/18, Loss: 0.1752
  Train - Loss: 0.1788, Acc: 0.7641, mIoU: 0.6718
  Val   - Loss: 0.1447, Acc: 0.7438, mIoU: 0.6556
  Time: 18.3s, LR: 3.83e-04

Epoch 178/300
  Batch 0/18, Loss: 0.2115
  Batch 10/18, Loss: 0.1764
  Train - Loss: 0.1770, Acc: 0.7548, mIoU: 0.6622
  Val   - Loss: 0.1570, Acc: 0.7266, mIoU: 0.6131
  Time: 18.3s, LR: 3.77e-04

Epoch 179/300
  Batch 0/18, Loss: 0.1888
  Batch 10/18, Loss: 0.1892
  Train - Loss: 0.1722, Acc: 0.7552, mIoU: 0.6657
  Val   - Loss: 0.1521, Acc: 0.7634, mIoU: 0.6721
  Time: 18.1s, LR: 3.72e-04

Epoch 180/300
  Batch 0/18, Loss: 0.1869
  Batch 10/18, Loss: 0.1240
  Train - Loss: 0.1734, Acc: 0.7638, mIoU: 0.6687
  Val   - Loss: 0.1606, Acc: 0.7604, mIoU: 0.6463
  Time: 18.6s, LR: 3.67e-04

Epoch 181/300
  Batch 0/18, Loss: 0.1891
  Batch 10/18, Loss: 0.2086
  Train - Loss: 0.1846, Acc: 0.7679, mIoU: 0.6723
  Val   - Loss: 0.1399, Acc: 0.7634, mIoU: 0.6536
  Time: 18.1s, LR: 3.62e-04

Epoch 182/300
  Batch 0/18, Loss: 0.2048
  Batch 10/18, Loss: 0.1711
  Train - Loss: 0.1734, Acc: 0.7602, mIoU: 0.6717
  Val   - Loss: 0.1469, Acc: 0.7547, mIoU: 0.6630
  Time: 17.9s, LR: 3.56e-04

Epoch 183/300
  Batch 0/18, Loss: 0.1497
  Batch 10/18, Loss: 0.1425
  Train - Loss: 0.1777, Acc: 0.7599, mIoU: 0.6706
  Val   - Loss: 0.1432, Acc: 0.7648, mIoU: 0.6743
  Time: 19.0s, LR: 3.51e-04

Epoch 184/300
  Batch 0/18, Loss: 0.2381
  Batch 10/18, Loss: 0.1339
  Train - Loss: 0.1728, Acc: 0.7712, mIoU: 0.6765
  Val   - Loss: 0.1427, Acc: 0.7721, mIoU: 0.6584
  Time: 18.2s, LR: 3.46e-04

Epoch 185/300
  Batch 0/18, Loss: 0.1603
  Batch 10/18, Loss: 0.1514
  Train - Loss: 0.1680, Acc: 0.7674, mIoU: 0.6796
  Val   - Loss: 0.1508, Acc: 0.7445, mIoU: 0.6256
  Time: 17.5s, LR: 3.41e-04

Epoch 186/300
  Batch 0/18, Loss: 0.1980
  Batch 10/18, Loss: 0.2011
  Train - Loss: 0.1784, Acc: 0.7614, mIoU: 0.6705
  Val   - Loss: 0.1564, Acc: 0.7409, mIoU: 0.6090
  Time: 18.6s, LR: 3.36e-04

Epoch 187/300
  Batch 0/18, Loss: 0.1231
  Batch 10/18, Loss: 0.1461
  Train - Loss: 0.1765, Acc: 0.7597, mIoU: 0.6695
  Val   - Loss: 0.1486, Acc: 0.7579, mIoU: 0.6341
  Time: 18.0s, LR: 3.31e-04

Epoch 188/300
  Batch 0/18, Loss: 0.1761
  Batch 10/18, Loss: 0.1823
  Train - Loss: 0.1745, Acc: 0.7583, mIoU: 0.6716
  Val   - Loss: 0.1451, Acc: 0.7662, mIoU: 0.6702
  Time: 18.0s, LR: 3.26e-04

Epoch 189/300
  Batch 0/18, Loss: 0.1554
  Batch 10/18, Loss: 0.2142
  Train - Loss: 0.1887, Acc: 0.7597, mIoU: 0.6586
  Val   - Loss: 0.1512, Acc: 0.7591, mIoU: 0.6315
  Time: 18.0s, LR: 3.21e-04

Epoch 190/300
  Batch 0/18, Loss: 0.1487
  Batch 10/18, Loss: 0.1639
  Train - Loss: 0.1771, Acc: 0.7605, mIoU: 0.6733
  Val   - Loss: 0.1435, Acc: 0.7525, mIoU: 0.6380
  Time: 17.9s, LR: 3.16e-04

Epoch 191/300
  Batch 0/18, Loss: 0.1515
  Batch 10/18, Loss: 0.1611
  Train - Loss: 0.1787, Acc: 0.7586, mIoU: 0.6616
  Val   - Loss: 0.1554, Acc: 0.7546, mIoU: 0.6362
  Time: 18.9s, LR: 3.11e-04

Epoch 192/300
  Batch 0/18, Loss: 0.1412
  Batch 10/18, Loss: 0.1593
  Train - Loss: 0.1771, Acc: 0.7622, mIoU: 0.6731
  Val   - Loss: 0.1500, Acc: 0.7531, mIoU: 0.6285
  Time: 18.2s, LR: 3.06e-04

Epoch 193/300
  Batch 0/18, Loss: 0.1907
  Batch 10/18, Loss: 0.2019
  Train - Loss: 0.1727, Acc: 0.7710, mIoU: 0.6792
  Val   - Loss: 0.1416, Acc: 0.7608, mIoU: 0.6614
  Time: 18.0s, LR: 3.01e-04

Epoch 194/300
  Batch 0/18, Loss: 0.1328
  Batch 10/18, Loss: 0.1856
  Train - Loss: 0.1757, Acc: 0.7664, mIoU: 0.6768
  Val   - Loss: 0.1471, Acc: 0.7599, mIoU: 0.6457
  Time: 18.7s, LR: 2.96e-04

Epoch 195/300
  Batch 0/18, Loss: 0.1953
  Batch 10/18, Loss: 0.1284
  Train - Loss: 0.1687, Acc: 0.7658, mIoU: 0.6749
  Val   - Loss: 0.1334, Acc: 0.7774, mIoU: 0.6868
  New best mIoU: 0.6868
  Time: 18.3s, LR: 2.91e-04

Epoch 196/300
  Batch 0/18, Loss: 0.1474
  Batch 10/18, Loss: 0.1725
  Train - Loss: 0.1681, Acc: 0.7670, mIoU: 0.6767
  Val   - Loss: 0.1288, Acc: 0.7853, mIoU: 0.6917
  New best mIoU: 0.6917
  Time: 18.5s, LR: 2.86e-04

Epoch 197/300
  Batch 0/18, Loss: 0.2154
  Batch 10/18, Loss: 0.1385
  Train - Loss: 0.1662, Acc: 0.7655, mIoU: 0.6784
  Val   - Loss: 0.1490, Acc: 0.7604, mIoU: 0.6530
  Time: 17.5s, LR: 2.81e-04

Epoch 198/300
  Batch 0/18, Loss: 0.2246
  Batch 10/18, Loss: 0.1582
  Train - Loss: 0.1760, Acc: 0.7650, mIoU: 0.6785
  Val   - Loss: 0.1292, Acc: 0.7683, mIoU: 0.6747
  Time: 18.2s, LR: 2.76e-04

Epoch 199/300
  Batch 0/18, Loss: 0.2025
  Batch 10/18, Loss: 0.1616
  Train - Loss: 0.1723, Acc: 0.7635, mIoU: 0.6740
  Val   - Loss: 0.1408, Acc: 0.7717, mIoU: 0.6630
  Time: 18.4s, LR: 2.71e-04

Epoch 200/300
  Batch 0/18, Loss: 0.1593
  Batch 10/18, Loss: 0.1909
  Train - Loss: 0.1719, Acc: 0.7656, mIoU: 0.6785
  Val   - Loss: 0.1245, Acc: 0.7756, mIoU: 0.6726
  Time: 18.0s, LR: 2.67e-04

Epoch 201/300
  Batch 0/18, Loss: 0.2251
  Batch 10/18, Loss: 0.1642
  Train - Loss: 0.1643, Acc: 0.7659, mIoU: 0.6791
  Val   - Loss: 0.1455, Acc: 0.7722, mIoU: 0.6836
  Time: 17.6s, LR: 2.62e-04

Epoch 202/300
  Batch 0/18, Loss: 0.1685
  Batch 10/18, Loss: 0.1588
  Train - Loss: 0.1616, Acc: 0.7675, mIoU: 0.6826
  Val   - Loss: 0.1340, Acc: 0.7576, mIoU: 0.6777
  Time: 18.3s, LR: 2.57e-04

Epoch 203/300
  Batch 0/18, Loss: 0.1498
  Batch 10/18, Loss: 0.1633
  Train - Loss: 0.1608, Acc: 0.7739, mIoU: 0.6859
  Val   - Loss: 0.1373, Acc: 0.7797, mIoU: 0.6713
  Time: 17.8s, LR: 2.52e-04

Epoch 204/300
  Batch 0/18, Loss: 0.1672
  Batch 10/18, Loss: 0.2239
  Train - Loss: 0.1626, Acc: 0.7752, mIoU: 0.6873
  Val   - Loss: 0.1346, Acc: 0.7641, mIoU: 0.6908
  Time: 17.8s, LR: 2.48e-04

Epoch 205/300
  Batch 0/18, Loss: 0.1266
  Batch 10/18, Loss: 0.1456
  Train - Loss: 0.1615, Acc: 0.7709, mIoU: 0.6758
  Val   - Loss: 0.1428, Acc: 0.7617, mIoU: 0.6718
  Time: 17.7s, LR: 2.43e-04

Epoch 206/300
  Batch 0/18, Loss: 0.1496
  Batch 10/18, Loss: 0.1879
  Train - Loss: 0.1596, Acc: 0.7743, mIoU: 0.6939
  Val   - Loss: 0.1421, Acc: 0.7659, mIoU: 0.6738
  Time: 17.6s, LR: 2.38e-04

Epoch 207/300
  Batch 0/18, Loss: 0.1215
  Batch 10/18, Loss: 0.2152
  Train - Loss: 0.1596, Acc: 0.7660, mIoU: 0.6852
  Val   - Loss: 0.1423, Acc: 0.7718, mIoU: 0.6595
  Time: 17.7s, LR: 2.34e-04

Epoch 208/300
  Batch 0/18, Loss: 0.2000
  Batch 10/18, Loss: 0.1718
  Train - Loss: 0.1777, Acc: 0.7676, mIoU: 0.6793
  Val   - Loss: 0.1428, Acc: 0.7611, mIoU: 0.6742
  Time: 18.0s, LR: 2.29e-04

Epoch 209/300
  Batch 0/18, Loss: 0.1779
  Batch 10/18, Loss: 0.1433
  Train - Loss: 0.1700, Acc: 0.7772, mIoU: 0.6777
  Val   - Loss: 0.1359, Acc: 0.7655, mIoU: 0.6568
  Time: 17.5s, LR: 2.25e-04

Epoch 210/300
  Batch 0/18, Loss: 0.1586
  Batch 10/18, Loss: 0.1993
  Train - Loss: 0.1649, Acc: 0.7721, mIoU: 0.6909
  Val   - Loss: 0.1408, Acc: 0.7736, mIoU: 0.6619
  Time: 18.0s, LR: 2.20e-04

Epoch 211/300
  Batch 0/18, Loss: 0.1650
  Batch 10/18, Loss: 0.1667
  Train - Loss: 0.1601, Acc: 0.7787, mIoU: 0.6896
  Val   - Loss: 0.1447, Acc: 0.7665, mIoU: 0.6713
  Time: 17.5s, LR: 2.16e-04

Epoch 212/300
  Batch 0/18, Loss: 0.2164
  Batch 10/18, Loss: 0.2085
  Train - Loss: 0.1723, Acc: 0.7686, mIoU: 0.6803
  Val   - Loss: 0.1417, Acc: 0.7647, mIoU: 0.6741
  Time: 17.7s, LR: 2.11e-04

Epoch 213/300
  Batch 0/18, Loss: 0.1598
  Batch 10/18, Loss: 0.1947
  Train - Loss: 0.1649, Acc: 0.7781, mIoU: 0.6888
  Val   - Loss: 0.1503, Acc: 0.7591, mIoU: 0.6664
  Time: 17.6s, LR: 2.07e-04

Epoch 214/300
  Batch 0/18, Loss: 0.1611
  Batch 10/18, Loss: 0.1940
  Train - Loss: 0.1731, Acc: 0.7678, mIoU: 0.6713
  Val   - Loss: 0.1299, Acc: 0.7778, mIoU: 0.6796
  Time: 17.4s, LR: 2.03e-04

Epoch 215/300
  Batch 0/18, Loss: 0.1516
  Batch 10/18, Loss: 0.1770
  Train - Loss: 0.1693, Acc: 0.7765, mIoU: 0.6844
  Val   - Loss: 0.1527, Acc: 0.7691, mIoU: 0.6833
  Time: 17.7s, LR: 1.98e-04

Epoch 216/300
  Batch 0/18, Loss: 0.1510
  Batch 10/18, Loss: 0.1510
  Train - Loss: 0.1567, Acc: 0.7753, mIoU: 0.6930
  Val   - Loss: 0.1445, Acc: 0.7717, mIoU: 0.6829
  Time: 17.6s, LR: 1.94e-04

Epoch 217/300
  Batch 0/18, Loss: 0.1218
  Batch 10/18, Loss: 0.1710
  Train - Loss: 0.1635, Acc: 0.7725, mIoU: 0.6853
  Val   - Loss: 0.1451, Acc: 0.7690, mIoU: 0.6572
  Time: 17.6s, LR: 1.90e-04

Epoch 218/300
  Batch 0/18, Loss: 0.1620
  Batch 10/18, Loss: 0.1622
  Train - Loss: 0.1634, Acc: 0.7748, mIoU: 0.6873
  Val   - Loss: 0.1384, Acc: 0.7740, mIoU: 0.6774
  Time: 17.7s, LR: 1.85e-04

Epoch 219/300
  Batch 0/18, Loss: 0.1289
  Batch 10/18, Loss: 0.2062
  Train - Loss: 0.1703, Acc: 0.7784, mIoU: 0.6913
  Val   - Loss: 0.1448, Acc: 0.7666, mIoU: 0.6656
  Time: 17.7s, LR: 1.81e-04

Epoch 220/300
  Batch 0/18, Loss: 0.1568
  Batch 10/18, Loss: 0.1407
  Train - Loss: 0.1671, Acc: 0.7708, mIoU: 0.6860
  Val   - Loss: 0.1389, Acc: 0.7640, mIoU: 0.6610
  Time: 18.5s, LR: 1.77e-04

Epoch 221/300
  Batch 0/18, Loss: 0.2382
  Batch 10/18, Loss: 0.1371
  Train - Loss: 0.1658, Acc: 0.7783, mIoU: 0.6820
  Val   - Loss: 0.1382, Acc: 0.7743, mIoU: 0.6728
  Time: 18.3s, LR: 1.73e-04

Epoch 222/300
  Batch 0/18, Loss: 0.1778
  Batch 10/18, Loss: 0.1927
  Train - Loss: 0.1728, Acc: 0.7760, mIoU: 0.6874
  Val   - Loss: 0.1319, Acc: 0.7757, mIoU: 0.6808
  Time: 17.6s, LR: 1.69e-04

Epoch 223/300
  Batch 0/18, Loss: 0.1716
  Batch 10/18, Loss: 0.1740
  Train - Loss: 0.1619, Acc: 0.7737, mIoU: 0.6906
  Val   - Loss: 0.1445, Acc: 0.7665, mIoU: 0.6647
  Time: 18.6s, LR: 1.65e-04

Epoch 224/300
  Batch 0/18, Loss: 0.1453
  Batch 10/18, Loss: 0.1249
  Train - Loss: 0.1577, Acc: 0.7784, mIoU: 0.6888
  Val   - Loss: 0.1497, Acc: 0.7694, mIoU: 0.6661
  Time: 18.3s, LR: 1.61e-04

Epoch 225/300
  Batch 0/18, Loss: 0.1403
  Batch 10/18, Loss: 0.1832
  Train - Loss: 0.1575, Acc: 0.7772, mIoU: 0.6888
  Val   - Loss: 0.1360, Acc: 0.7759, mIoU: 0.6717
  Time: 18.0s, LR: 1.57e-04

Epoch 226/300
  Batch 0/18, Loss: 0.1298
  Batch 10/18, Loss: 0.1942
  Train - Loss: 0.1605, Acc: 0.7819, mIoU: 0.6893
  Val   - Loss: 0.1429, Acc: 0.7733, mIoU: 0.6702
  Time: 18.4s, LR: 1.53e-04

Epoch 227/300
  Batch 0/18, Loss: 0.1775
  Batch 10/18, Loss: 0.1409
  Train - Loss: 0.1708, Acc: 0.7761, mIoU: 0.6855
  Val   - Loss: 0.1316, Acc: 0.7834, mIoU: 0.6834
  Time: 18.8s, LR: 1.49e-04

Epoch 228/300
  Batch 0/18, Loss: 0.1673
  Batch 10/18, Loss: 0.1385
  Train - Loss: 0.1677, Acc: 0.7814, mIoU: 0.6915
  Val   - Loss: 0.1410, Acc: 0.7763, mIoU: 0.6648
  Time: 21.3s, LR: 1.45e-04

Epoch 229/300
  Batch 0/18, Loss: 0.2287
  Batch 10/18, Loss: 0.1632
  Train - Loss: 0.1602, Acc: 0.7798, mIoU: 0.6829
  Val   - Loss: 0.1457, Acc: 0.7740, mIoU: 0.6734
  Time: 17.6s, LR: 1.42e-04

Epoch 230/300
  Batch 0/18, Loss: 0.1782
  Batch 10/18, Loss: 0.1953
  Train - Loss: 0.1677, Acc: 0.7819, mIoU: 0.6920
  Val   - Loss: 0.1560, Acc: 0.7659, mIoU: 0.6532
  Time: 18.6s, LR: 1.38e-04

Epoch 231/300
  Batch 0/18, Loss: 0.1688
  Batch 10/18, Loss: 0.1548
  Train - Loss: 0.1549, Acc: 0.7836, mIoU: 0.6905
  Val   - Loss: 0.1466, Acc: 0.7584, mIoU: 0.6637
  Time: 18.1s, LR: 1.34e-04

Epoch 232/300
  Batch 0/18, Loss: 0.1790
  Batch 10/18, Loss: 0.1406
  Train - Loss: 0.1663, Acc: 0.7803, mIoU: 0.6909
  Val   - Loss: 0.1430, Acc: 0.7767, mIoU: 0.6687
  Time: 17.9s, LR: 1.31e-04

Epoch 233/300
  Batch 0/18, Loss: 0.1875
  Batch 10/18, Loss: 0.1533
  Train - Loss: 0.1628, Acc: 0.7808, mIoU: 0.6888
  Val   - Loss: 0.1331, Acc: 0.7795, mIoU: 0.6718
  Time: 17.8s, LR: 1.27e-04

Epoch 234/300
  Batch 0/18, Loss: 0.1345
  Batch 10/18, Loss: 0.1479
  Train - Loss: 0.1546, Acc: 0.7862, mIoU: 0.7033
  Val   - Loss: 0.1431, Acc: 0.7740, mIoU: 0.6765
  Time: 18.1s, LR: 1.23e-04

Epoch 235/300
  Batch 0/18, Loss: 0.1537
  Batch 10/18, Loss: 0.1794
  Train - Loss: 0.1593, Acc: 0.7854, mIoU: 0.6948
  Val   - Loss: 0.1352, Acc: 0.7737, mIoU: 0.6803
  Time: 18.5s, LR: 1.20e-04

Epoch 236/300
  Batch 0/18, Loss: 0.1254
  Batch 10/18, Loss: 0.1630
  Train - Loss: 0.1575, Acc: 0.7810, mIoU: 0.6947
  Val   - Loss: 0.1390, Acc: 0.7713, mIoU: 0.6632
  Time: 17.6s, LR: 1.16e-04

Epoch 237/300
  Batch 0/18, Loss: 0.1347
  Batch 10/18, Loss: 0.1572
  Train - Loss: 0.1634, Acc: 0.7809, mIoU: 0.6933
  Val   - Loss: 0.1248, Acc: 0.7760, mIoU: 0.6788
  Time: 17.7s, LR: 1.13e-04

Epoch 238/300
  Batch 0/18, Loss: 0.1867
  Batch 10/18, Loss: 0.1629
  Train - Loss: 0.1648, Acc: 0.7816, mIoU: 0.6929
  Val   - Loss: 0.1317, Acc: 0.7825, mIoU: 0.6834
  Time: 17.6s, LR: 1.09e-04

Epoch 239/300
  Batch 0/18, Loss: 0.1432
  Batch 10/18, Loss: 0.1851
  Train - Loss: 0.1598, Acc: 0.7810, mIoU: 0.6947
  Val   - Loss: 0.1414, Acc: 0.7793, mIoU: 0.6669
  Time: 18.4s, LR: 1.06e-04

Epoch 240/300
  Batch 0/18, Loss: 0.1373
  Batch 10/18, Loss: 0.1551
  Train - Loss: 0.1543, Acc: 0.7856, mIoU: 0.6999
  Val   - Loss: 0.1391, Acc: 0.7799, mIoU: 0.6584
  Time: 18.1s, LR: 1.03e-04

Epoch 241/300
  Batch 0/18, Loss: 0.1774
  Batch 10/18, Loss: 0.1578
  Train - Loss: 0.1641, Acc: 0.7787, mIoU: 0.6909
  Val   - Loss: 0.1314, Acc: 0.7769, mIoU: 0.6875
  Time: 17.7s, LR: 9.96e-05

Epoch 242/300
  Batch 0/18, Loss: 0.1334
  Batch 10/18, Loss: 0.1355
  Train - Loss: 0.1572, Acc: 0.7854, mIoU: 0.6931
  Val   - Loss: 0.1284, Acc: 0.7851, mIoU: 0.7001
  New best mIoU: 0.7001
  Time: 17.8s, LR: 9.64e-05

Epoch 243/300
  Batch 0/18, Loss: 0.1432
  Batch 10/18, Loss: 0.1835
  Train - Loss: 0.1523, Acc: 0.7853, mIoU: 0.6976
  Val   - Loss: 0.1408, Acc: 0.7756, mIoU: 0.6723
  Time: 17.9s, LR: 9.32e-05

Epoch 244/300
  Batch 0/18, Loss: 0.1309
  Batch 10/18, Loss: 0.1602
  Train - Loss: 0.1548, Acc: 0.7901, mIoU: 0.6998
  Val   - Loss: 0.1349, Acc: 0.7904, mIoU: 0.6928
  Time: 18.2s, LR: 9.01e-05

Epoch 245/300
  Batch 0/18, Loss: 0.1528
  Batch 10/18, Loss: 0.1338
  Train - Loss: 0.1544, Acc: 0.7856, mIoU: 0.6977
  Val   - Loss: 0.1342, Acc: 0.7912, mIoU: 0.6955
  Time: 17.8s, LR: 8.71e-05

Epoch 246/300
  Batch 0/18, Loss: 0.1358
  Batch 10/18, Loss: 0.1628
  Train - Loss: 0.1580, Acc: 0.7813, mIoU: 0.6974
  Val   - Loss: 0.1311, Acc: 0.7750, mIoU: 0.6712
  Time: 18.2s, LR: 8.41e-05

Epoch 247/300
  Batch 0/18, Loss: 0.1470
  Batch 10/18, Loss: 0.1407
  Train - Loss: 0.1603, Acc: 0.7823, mIoU: 0.6923
  Val   - Loss: 0.1293, Acc: 0.7786, mIoU: 0.6775
  Time: 17.8s, LR: 8.11e-05

Epoch 248/300
  Batch 0/18, Loss: 0.1547
  Batch 10/18, Loss: 0.1400
  Train - Loss: 0.1592, Acc: 0.7863, mIoU: 0.6945
  Val   - Loss: 0.1393, Acc: 0.7730, mIoU: 0.6719
  Time: 18.2s, LR: 7.82e-05

Epoch 249/300
  Batch 0/18, Loss: 0.1766
  Batch 10/18, Loss: 0.1458
  Train - Loss: 0.1562, Acc: 0.7863, mIoU: 0.7004
  Val   - Loss: 0.1283, Acc: 0.7826, mIoU: 0.6874
  Time: 18.8s, LR: 7.53e-05

Epoch 250/300
  Batch 0/18, Loss: 0.1532
  Batch 10/18, Loss: 0.1970
  Train - Loss: 0.1593, Acc: 0.7841, mIoU: 0.6988
  Val   - Loss: 0.1336, Acc: 0.7820, mIoU: 0.6868
  Time: 18.9s, LR: 7.25e-05

Epoch 251/300
  Batch 0/18, Loss: 0.1821
  Batch 10/18, Loss: 0.1679
  Train - Loss: 0.1661, Acc: 0.7859, mIoU: 0.6925
  Val   - Loss: 0.1409, Acc: 0.7840, mIoU: 0.6795
  Time: 18.3s, LR: 6.97e-05

Epoch 252/300
  Batch 0/18, Loss: 0.1406
  Batch 10/18, Loss: 0.1523
  Train - Loss: 0.1507, Acc: 0.7869, mIoU: 0.6974
  Val   - Loss: 0.1314, Acc: 0.7717, mIoU: 0.6639
  Time: 17.8s, LR: 6.70e-05

Epoch 253/300
  Batch 0/18, Loss: 0.1754
  Batch 10/18, Loss: 0.1352
  Train - Loss: 0.1570, Acc: 0.7892, mIoU: 0.6955
  Val   - Loss: 0.1317, Acc: 0.7790, mIoU: 0.6735
  Time: 18.7s, LR: 6.44e-05

Epoch 254/300
  Batch 0/18, Loss: 0.1196
  Batch 10/18, Loss: 0.1449
  Train - Loss: 0.1632, Acc: 0.7849, mIoU: 0.6931
  Val   - Loss: 0.1290, Acc: 0.7824, mIoU: 0.6716
  Time: 17.6s, LR: 6.17e-05

Epoch 255/300
  Batch 0/18, Loss: 0.1814
  Batch 10/18, Loss: 0.1607
  Train - Loss: 0.1587, Acc: 0.7844, mIoU: 0.6982
  Val   - Loss: 0.1236, Acc: 0.7827, mIoU: 0.6756
  Time: 18.0s, LR: 5.92e-05

Epoch 256/300
  Batch 0/18, Loss: 0.1406
  Batch 10/18, Loss: 0.1762
  Train - Loss: 0.1628, Acc: 0.7780, mIoU: 0.6835
  Val   - Loss: 0.1360, Acc: 0.7788, mIoU: 0.6600
  Time: 18.3s, LR: 5.67e-05

Epoch 257/300
  Batch 0/18, Loss: 0.1286
  Batch 10/18, Loss: 0.1520
  Train - Loss: 0.1506, Acc: 0.7859, mIoU: 0.7060
  Val   - Loss: 0.1372, Acc: 0.7782, mIoU: 0.6709
  Time: 18.2s, LR: 5.42e-05

Epoch 258/300
  Batch 0/18, Loss: 0.1388
  Batch 10/18, Loss: 0.1558
  Train - Loss: 0.1492, Acc: 0.7888, mIoU: 0.7059
  Val   - Loss: 0.1301, Acc: 0.7828, mIoU: 0.6762
  Time: 18.2s, LR: 5.18e-05

Epoch 259/300
  Batch 0/18, Loss: 0.1492
  Batch 10/18, Loss: 0.1569
  Train - Loss: 0.1506, Acc: 0.7879, mIoU: 0.6979
  Val   - Loss: 0.1305, Acc: 0.7856, mIoU: 0.6993
  Time: 18.3s, LR: 4.95e-05

Epoch 260/300
  Batch 0/18, Loss: 0.1539
  Batch 10/18, Loss: 0.1390
  Train - Loss: 0.1518, Acc: 0.7838, mIoU: 0.7048
  Val   - Loss: 0.1312, Acc: 0.7877, mIoU: 0.6868
  Time: 18.2s, LR: 4.72e-05

Epoch 261/300
  Batch 0/18, Loss: 0.1445
  Batch 10/18, Loss: 0.1626
  Train - Loss: 0.1597, Acc: 0.7850, mIoU: 0.6989
  Val   - Loss: 0.1272, Acc: 0.7942, mIoU: 0.6814
  Time: 18.7s, LR: 4.49e-05

Epoch 262/300
  Batch 0/18, Loss: 0.1437
  Batch 10/18, Loss: 0.2178
  Train - Loss: 0.1573, Acc: 0.7874, mIoU: 0.6932
  Val   - Loss: 0.1307, Acc: 0.7828, mIoU: 0.6765
  Time: 18.1s, LR: 4.27e-05

Epoch 263/300
  Batch 0/18, Loss: 0.1475
  Batch 10/18, Loss: 0.1960
  Train - Loss: 0.1551, Acc: 0.7868, mIoU: 0.7016
  Val   - Loss: 0.1233, Acc: 0.7869, mIoU: 0.6911
  Time: 17.6s, LR: 4.06e-05

Epoch 264/300
  Batch 0/18, Loss: 0.1524
  Batch 10/18, Loss: 0.1536
  Train - Loss: 0.1521, Acc: 0.7864, mIoU: 0.7079
  Val   - Loss: 0.1364, Acc: 0.7829, mIoU: 0.6785
  Time: 17.8s, LR: 3.85e-05

Epoch 265/300
  Batch 0/18, Loss: 0.1486
  Batch 10/18, Loss: 0.1466
  Train - Loss: 0.1485, Acc: 0.7842, mIoU: 0.7042
  Val   - Loss: 0.1307, Acc: 0.7850, mIoU: 0.6865
  Time: 18.8s, LR: 3.65e-05

Epoch 266/300
  Batch 0/18, Loss: 0.1189
  Batch 10/18, Loss: 0.1551
  Train - Loss: 0.1523, Acc: 0.7859, mIoU: 0.7066
  Val   - Loss: 0.1376, Acc: 0.7826, mIoU: 0.6713
  Time: 18.3s, LR: 3.45e-05

Epoch 267/300
  Batch 0/18, Loss: 0.1565
  Batch 10/18, Loss: 0.1684
  Train - Loss: 0.1492, Acc: 0.7869, mIoU: 0.7021
  Val   - Loss: 0.1310, Acc: 0.7868, mIoU: 0.6856
  Time: 18.9s, LR: 3.26e-05

Epoch 268/300
  Batch 0/18, Loss: 0.1616
  Batch 10/18, Loss: 0.1370
  Train - Loss: 0.1560, Acc: 0.7897, mIoU: 0.6953
  Val   - Loss: 0.1317, Acc: 0.7837, mIoU: 0.6756
  Time: 18.4s, LR: 3.07e-05

Epoch 269/300
  Batch 0/18, Loss: 0.1535
  Batch 10/18, Loss: 0.1309
  Train - Loss: 0.1581, Acc: 0.7907, mIoU: 0.7087
  Val   - Loss: 0.1340, Acc: 0.7856, mIoU: 0.6819
  Time: 18.5s, LR: 2.89e-05

Epoch 270/300
  Batch 0/18, Loss: 0.1526
  Batch 10/18, Loss: 0.1307
  Train - Loss: 0.1542, Acc: 0.7851, mIoU: 0.6951
  Val   - Loss: 0.1240, Acc: 0.7892, mIoU: 0.6866
  Time: 18.6s, LR: 2.71e-05

Epoch 271/300
  Batch 0/18, Loss: 0.1337
  Batch 10/18, Loss: 0.1487
  Train - Loss: 0.1544, Acc: 0.7864, mIoU: 0.6928
  Val   - Loss: 0.1326, Acc: 0.7817, mIoU: 0.6808
  Time: 17.9s, LR: 2.54e-05

Epoch 272/300
  Batch 0/18, Loss: 0.1940
  Batch 10/18, Loss: 0.1446
  Train - Loss: 0.1558, Acc: 0.7848, mIoU: 0.6980
  Val   - Loss: 0.1288, Acc: 0.7809, mIoU: 0.6759
  Time: 18.8s, LR: 2.38e-05

Epoch 273/300
  Batch 0/18, Loss: 0.1404
  Batch 10/18, Loss: 0.1480
  Train - Loss: 0.1554, Acc: 0.7867, mIoU: 0.7036
  Val   - Loss: 0.1272, Acc: 0.7844, mIoU: 0.6867
  Time: 18.0s, LR: 2.22e-05

Epoch 274/300
  Batch 0/18, Loss: 0.1851
  Batch 10/18, Loss: 0.1793
  Train - Loss: 0.1559, Acc: 0.7899, mIoU: 0.7037
  Val   - Loss: 0.1268, Acc: 0.7848, mIoU: 0.6757
  Time: 18.1s, LR: 2.07e-05

Epoch 275/300
  Batch 0/18, Loss: 0.1568
  Batch 10/18, Loss: 0.1638
  Train - Loss: 0.1509, Acc: 0.7853, mIoU: 0.6980
  Val   - Loss: 0.1267, Acc: 0.7831, mIoU: 0.6827
  Time: 18.7s, LR: 1.92e-05

Epoch 276/300
  Batch 0/18, Loss: 0.1379
  Batch 10/18, Loss: 0.1602
  Train - Loss: 0.1534, Acc: 0.7887, mIoU: 0.7031
  Val   - Loss: 0.1280, Acc: 0.7846, mIoU: 0.6832
  Time: 17.8s, LR: 1.78e-05

Epoch 277/300
  Batch 0/18, Loss: 0.1482
  Batch 10/18, Loss: 0.1615
  Train - Loss: 0.1543, Acc: 0.7848, mIoU: 0.6939
  Val   - Loss: 0.1376, Acc: 0.7885, mIoU: 0.6773
  Time: 18.0s, LR: 1.64e-05

Epoch 278/300
  Batch 0/18, Loss: 0.1967
  Batch 10/18, Loss: 0.1726
  Train - Loss: 0.1532, Acc: 0.7891, mIoU: 0.6996
  Val   - Loss: 0.1240, Acc: 0.7871, mIoU: 0.6872
  Time: 18.0s, LR: 1.51e-05

Epoch 279/300
  Batch 0/18, Loss: 0.1406
  Batch 10/18, Loss: 0.1294
  Train - Loss: 0.1441, Acc: 0.7891, mIoU: 0.7120
  Val   - Loss: 0.1259, Acc: 0.7863, mIoU: 0.6926
  Time: 18.1s, LR: 1.39e-05

Epoch 280/300
  Batch 0/18, Loss: 0.1443
  Batch 10/18, Loss: 0.1645
  Train - Loss: 0.1525, Acc: 0.7889, mIoU: 0.7001
  Val   - Loss: 0.1297, Acc: 0.7841, mIoU: 0.6901
  Time: 17.9s, LR: 1.27e-05

Epoch 281/300
  Batch 0/18, Loss: 0.1494
  Batch 10/18, Loss: 0.1400
  Train - Loss: 0.1512, Acc: 0.7869, mIoU: 0.6947
  Val   - Loss: 0.1209, Acc: 0.7902, mIoU: 0.6966
  Time: 19.9s, LR: 1.15e-05

Epoch 282/300
  Batch 0/18, Loss: 0.1871
  Batch 10/18, Loss: 0.1382
  Train - Loss: 0.1544, Acc: 0.7867, mIoU: 0.7040
  Val   - Loss: 0.1290, Acc: 0.7881, mIoU: 0.6845
  Time: 18.3s, LR: 1.05e-05

Epoch 283/300
  Batch 0/18, Loss: 0.1343
  Batch 10/18, Loss: 0.1790
  Train - Loss: 0.1525, Acc: 0.7900, mIoU: 0.7065
  Val   - Loss: 0.1299, Acc: 0.7856, mIoU: 0.6822
  Time: 18.7s, LR: 9.45e-06

Epoch 284/300
  Batch 0/18, Loss: 0.1374
  Batch 10/18, Loss: 0.1237
  Train - Loss: 0.1579, Acc: 0.7915, mIoU: 0.7018
  Val   - Loss: 0.1303, Acc: 0.7868, mIoU: 0.6917
  Time: 18.4s, LR: 8.48e-06

Epoch 285/300
  Batch 0/18, Loss: 0.1444
  Batch 10/18, Loss: 0.1407
  Train - Loss: 0.1549, Acc: 0.7912, mIoU: 0.6941
  Val   - Loss: 0.1240, Acc: 0.7909, mIoU: 0.6914
  Time: 17.9s, LR: 7.58e-06

Epoch 286/300
  Batch 0/18, Loss: 0.1335
  Batch 10/18, Loss: 0.1552
  Train - Loss: 0.1470, Acc: 0.7925, mIoU: 0.7102
  Val   - Loss: 0.1327, Acc: 0.7819, mIoU: 0.6827
  Time: 18.4s, LR: 6.73e-06

Epoch 287/300
  Batch 0/18, Loss: 0.1816
  Batch 10/18, Loss: 0.1587
  Train - Loss: 0.1525, Acc: 0.7875, mIoU: 0.6952
  Val   - Loss: 0.1277, Acc: 0.7832, mIoU: 0.6819
  Time: 19.1s, LR: 5.95e-06

Epoch 288/300
  Batch 0/18, Loss: 0.1379
  Batch 10/18, Loss: 0.1387
  Train - Loss: 0.1560, Acc: 0.7921, mIoU: 0.7023
  Val   - Loss: 0.1343, Acc: 0.7860, mIoU: 0.6868
  Time: 17.7s, LR: 5.21e-06

Epoch 289/300
  Batch 0/18, Loss: 0.2010
  Batch 10/18, Loss: 0.1669
  Train - Loss: 0.1588, Acc: 0.7915, mIoU: 0.6985
  Val   - Loss: 0.1319, Acc: 0.7830, mIoU: 0.6772
  Time: 17.8s, LR: 4.54e-06

Epoch 290/300
  Batch 0/18, Loss: 0.1955
  Batch 10/18, Loss: 0.1590
  Train - Loss: 0.1520, Acc: 0.7883, mIoU: 0.7027
  Val   - Loss: 0.1237, Acc: 0.7862, mIoU: 0.6859
  Time: 18.0s, LR: 3.93e-06

Epoch 291/300
  Batch 0/18, Loss: 0.1285
  Batch 10/18, Loss: 0.1779
  Train - Loss: 0.1517, Acc: 0.7913, mIoU: 0.7057
  Val   - Loss: 0.1263, Acc: 0.7931, mIoU: 0.6797
  Time: 17.8s, LR: 3.37e-06

Epoch 292/300
  Batch 0/18, Loss: 0.1748
  Batch 10/18, Loss: 0.1543
  Train - Loss: 0.1497, Acc: 0.7938, mIoU: 0.7078
  Val   - Loss: 0.1261, Acc: 0.7863, mIoU: 0.6870
  Time: 18.6s, LR: 2.87e-06

Epoch 293/300
  Batch 0/18, Loss: 0.1377
  Batch 10/18, Loss: 0.1657
  Train - Loss: 0.1562, Acc: 0.7883, mIoU: 0.7036
  Val   - Loss: 0.1325, Acc: 0.7890, mIoU: 0.6797
  Time: 18.3s, LR: 2.44e-06

Epoch 294/300
  Batch 0/18, Loss: 0.1729
  Batch 10/18, Loss: 0.1414
  Train - Loss: 0.1504, Acc: 0.7895, mIoU: 0.7027
  Val   - Loss: 0.1261, Acc: 0.7820, mIoU: 0.6794
  Time: 17.8s, LR: 2.05e-06

Epoch 295/300
  Batch 0/18, Loss: 0.1331
  Batch 10/18, Loss: 0.1631
  Train - Loss: 0.1522, Acc: 0.7863, mIoU: 0.7022
  Val   - Loss: 0.1292, Acc: 0.7850, mIoU: 0.6851
  Time: 18.5s, LR: 1.73e-06

Epoch 296/300
  Batch 0/18, Loss: 0.1836
  Batch 10/18, Loss: 0.1191
  Train - Loss: 0.1539, Acc: 0.7895, mIoU: 0.7036
  Val   - Loss: 0.1268, Acc: 0.7840, mIoU: 0.6807
  Time: 18.9s, LR: 1.47e-06

Epoch 297/300
  Batch 0/18, Loss: 0.1734
  Batch 10/18, Loss: 0.1467
  Train - Loss: 0.1600, Acc: 0.7918, mIoU: 0.7067
  Val   - Loss: 0.1253, Acc: 0.7851, mIoU: 0.6833
  Time: 17.6s, LR: 1.26e-06

Epoch 298/300
  Batch 0/18, Loss: 0.1540
  Batch 10/18, Loss: 0.1503
  Train - Loss: 0.1511, Acc: 0.7952, mIoU: 0.7095
  Val   - Loss: 0.1302, Acc: 0.7873, mIoU: 0.6793
  Time: 17.7s, LR: 1.12e-06

Epoch 299/300
  Batch 0/18, Loss: 0.1748
  Batch 10/18, Loss: 0.1407
  Train - Loss: 0.1503, Acc: 0.7902, mIoU: 0.7093
  Val   - Loss: 0.1315, Acc: 0.7872, mIoU: 0.6789
  Time: 17.8s, LR: 1.03e-06

Epoch 300/300
  Batch 0/18, Loss: 0.1373
  Batch 10/18, Loss: 0.2487
  Train - Loss: 0.1629, Acc: 0.7872, mIoU: 0.7034
  Val   - Loss: 0.1306, Acc: 0.7801, mIoU: 0.6757
  Time: 17.9s, LR: 1.00e-06


Training complete!
Best mIoU: 0.7001 at epoch 242
Model saved to: checkpoints/best.pth
